Flow Summary report for LimeSDR-Mini_lms7_lelec210x
Wed Nov 13 17:39:13 2024
Quartus Prime Version 18.1.0 Build 625 09/12/2018 SJ Lite Edition


---------------------
; Table of Contents ;
---------------------
  1. Legal Notice
  2. Flow Summary



----------------
; Legal Notice ;
----------------
Copyright (C) 2018  Intel Corporation. All rights reserved.
Your use of Intel Corporation's design tools, logic functions 
and other software and tools, and its AMPP partner logic 
functions, and any output files from any of the foregoing 
(including device programming or simulation files), and any 
associated documentation or information are expressly subject 
to the terms and conditions of the Intel Program License 
Subscription Agreement, the Intel Quartus Prime License Agreement,
the Intel FPGA IP License Agreement, or other applicable license
agreement, including, without limitation, that your use is for
the sole purpose of programming logic devices manufactured by
Intel and sold by Intel or its authorized distributors.  Please
refer to the applicable agreement for further details.



+----------------------------------------------------------------------------------+
; Flow Summary                                                                     ;
+------------------------------------+---------------------------------------------+
; Flow Status                        ; Successful - Wed Nov 06 22:11:57 2024       ;
; Quartus Prime Version              ; 18.1.0 Build 625 09/12/2018 SJ Lite Edition ;
; Revision Name                      ; LimeSDR-Mini_lms7_lelec210x                 ;
; Top-level Entity Name              ; lms7_trx_top                                ;
; Family                             ; MAX 10                                      ;
; Device                             ; 10M16SAU169C8G                              ;
; Timing Models                      ; Final                                       ;
; Total logic elements               ; 13,570 / 15,840 ( 86 % )                    ;
;     Total combinational functions  ; 9,409 / 15,840 ( 59 % )                     ;
;     Dedicated logic registers      ; 10,677 / 15,840 ( 67 % )                    ;
; Total registers                    ; 10749                                       ;
; Total pins                         ; 117 / 130 ( 90 % )                          ;
; Total virtual pins                 ; 0                                           ;
; Total memory bits                  ; 244,624 / 562,176 ( 44 % )                  ;
; Embedded Multiplier 9-bit elements ; 3 / 90 ( 3 % )                              ;
; Total PLLs                         ; 1 / 1 ( 100 % )                             ;
; UFM blocks                         ; 1 / 1 ( 100 % )                             ;
; ADC blocks                         ; 0 / 1 ( 0 % )                               ;
+------------------------------------+---------------------------------------------+


