19:12:27 **** Build of configuration Debug for project hands_on_audio_acquisition ****
make -j16 all 
arm-none-eabi-gcc "../Drivers/STM32L4xx_HAL_Driver/Src/stm32l4xx_hal.c" -mcpu=cortex-m4 -std=gnu11 -g3 -DDEBUG -DUSE_HAL_DRIVER -DSTM32L4A6xx -c -I../Core/Inc -I../Drivers/STM32L4xx_HAL_Driver/Inc -I../Drivers/STM32L4xx_HAL_Driver/Inc/Legacy -I../Drivers/CMSIS/Device/ST/STM32L4xx/Include -I../Drivers/CMSIS/Include -O0 -ffunction-sections -fdata-sections -Wall -fstack-usage -fcyclomatic-complexity -MMD -MP -MF"Drivers/STM32L4xx_HAL_Driver/Src/stm32l4xx_hal.d" -MT"Drivers/STM32L4xx_HAL_Driver/Src/stm32l4xx_hal.o" --specs=nano.specs -mfpu=fpv4-sp-d16 -mfloat-abi=hard -mthumb -o "Drivers/STM32L4xx_HAL_Driver/Src/stm32l4xx_hal.o"
arm-none-eabi-gcc "../Drivers/STM32L4xx_HAL_Driver/Src/stm32l4xx_hal_adc.c" -mcpu=cortex-m4 -std=gnu11 -g3 -DDEBUG -DUSE_HAL_DRIVER -DSTM32L4A6xx -c -I../Core/Inc -I../Drivers/STM32L4xx_HAL_Driver/Inc -I../Drivers/STM32L4xx_HAL_Driver/Inc/Legacy -I../Drivers/CMSIS/Device/ST/STM32L4xx/Include -I../Drivers/CMSIS/Include -O0 -ffunction-sections -fdata-sections -Wall -fstack-usage -fcyclomatic-complexity -MMD -MP -MF"Drivers/STM32L4xx_HAL_Driver/Src/stm32l4xx_hal_adc.d" -MT"Drivers/STM32L4xx_HAL_Driver/Src/stm32l4xx_hal_adc.o" --specs=nano.specs -mfpu=fpv4-sp-d16 -mfloat-abi=hard -mthumb -o "Drivers/STM32L4xx_HAL_Driver/Src/stm32l4xx_hal_adc.o"
arm-none-eabi-gcc "../Drivers/STM32L4xx_HAL_Driver/Src/stm32l4xx_hal_adc_ex.c" -mcpu=cortex-m4 -std=gnu11 -g3 -DDEBUG -DUSE_HAL_DRIVER -DSTM32L4A6xx -c -I../Core/Inc -I../Drivers/STM32L4xx_HAL_Driver/Inc -I../Drivers/STM32L4xx_HAL_Driver/Inc/Legacy -I../Drivers/CMSIS/Device/ST/STM32L4xx/Include -I../Drivers/CMSIS/Include -O0 -ffunction-sections -fdata-sections -Wall -fstack-usage -fcyclomatic-complexity -MMD -MP -MF"Drivers/STM32L4xx_HAL_Driver/Src/stm32l4xx_hal_adc_ex.d" -MT"Drivers/STM32L4xx_HAL_Driver/Src/stm32l4xx_hal_adc_ex.o" --specs=nano.specs -mfpu=fpv4-sp-d16 -mfloat-abi=hard -mthumb -o "Drivers/STM32L4xx_HAL_Driver/Src/stm32l4xx_hal_adc_ex.o"
arm-none-eabi-gcc "../Drivers/STM32L4xx_HAL_Driver/Src/stm32l4xx_hal_cortex.c" -mcpu=cortex-m4 -std=gnu11 -g3 -DDEBUG -DUSE_HAL_DRIVER -DSTM32L4A6xx -c -I../Core/Inc -I../Drivers/STM32L4xx_HAL_Driver/Inc -I../Drivers/STM32L4xx_HAL_Driver/Inc/Legacy -I../Drivers/CMSIS/Device/ST/STM32L4xx/Include -I../Drivers/CMSIS/Include -O0 -ffunction-sections -fdata-sections -Wall -fstack-usage -fcyclomatic-complexity -MMD -MP -MF"Drivers/STM32L4xx_HAL_Driver/Src/stm32l4xx_hal_cortex.d" -MT"Drivers/STM32L4xx_HAL_Driver/Src/stm32l4xx_hal_cortex.o" --specs=nano.specs -mfpu=fpv4-sp-d16 -mfloat-abi=hard -mthumb -o "Drivers/STM32L4xx_HAL_Driver/Src/stm32l4xx_hal_cortex.o"
arm-none-eabi-gcc "../Drivers/STM32L4xx_HAL_Driver/Src/stm32l4xx_hal_dma.c" -mcpu=cortex-m4 -std=gnu11 -g3 -DDEBUG -DUSE_HAL_DRIVER -DSTM32L4A6xx -c -I../Core/Inc -I../Drivers/STM32L4xx_HAL_Driver/Inc -I../Drivers/STM32L4xx_HAL_Driver/Inc/Legacy -I../Drivers/CMSIS/Device/ST/STM32L4xx/Include -I../Drivers/CMSIS/Include -O0 -ffunction-sections -fdata-sections -Wall -fstack-usage -fcyclomatic-complexity -MMD -MP -MF"Drivers/STM32L4xx_HAL_Driver/Src/stm32l4xx_hal_dma.d" -MT"Drivers/STM32L4xx_HAL_Driver/Src/stm32l4xx_hal_dma.o" --specs=nano.specs -mfpu=fpv4-sp-d16 -mfloat-abi=hard -mthumb -o "Drivers/STM32L4xx_HAL_Driver/Src/stm32l4xx_hal_dma.o"
arm-none-eabi-gcc "../Drivers/STM32L4xx_HAL_Driver/Src/stm32l4xx_hal_dma_ex.c" -mcpu=cortex-m4 -std=gnu11 -g3 -DDEBUG -DUSE_HAL_DRIVER -DSTM32L4A6xx -c -I../Core/Inc -I../Drivers/STM32L4xx_HAL_Driver/Inc -I../Drivers/STM32L4xx_HAL_Driver/Inc/Legacy -I../Drivers/CMSIS/Device/ST/STM32L4xx/Include -I../Drivers/CMSIS/Include -O0 -ffunction-sections -fdata-sections -Wall -fstack-usage -fcyclomatic-complexity -MMD -MP -MF"Drivers/STM32L4xx_HAL_Driver/Src/stm32l4xx_hal_dma_ex.d" -MT"Drivers/STM32L4xx_HAL_Driver/Src/stm32l4xx_hal_dma_ex.o" --specs=nano.specs -mfpu=fpv4-sp-d16 -mfloat-abi=hard -mthumb -o "Drivers/STM32L4xx_HAL_Driver/Src/stm32l4xx_hal_dma_ex.o"
arm-none-eabi-gcc "../Drivers/STM32L4xx_HAL_Driver/Src/stm32l4xx_hal_exti.c" -mcpu=cortex-m4 -std=gnu11 -g3 -DDEBUG -DUSE_HAL_DRIVER -DSTM32L4A6xx -c -I../Core/Inc -I../Drivers/STM32L4xx_HAL_Driver/Inc -I../Drivers/STM32L4xx_HAL_Driver/Inc/Legacy -I../Drivers/CMSIS/Device/ST/STM32L4xx/Include -I../Drivers/CMSIS/Include -O0 -ffunction-sections -fdata-sections -Wall -fstack-usage -fcyclomatic-complexity -MMD -MP -MF"Drivers/STM32L4xx_HAL_Driver/Src/stm32l4xx_hal_exti.d" -MT"Drivers/STM32L4xx_HAL_Driver/Src/stm32l4xx_hal_exti.o" --specs=nano.specs -mfpu=fpv4-sp-d16 -mfloat-abi=hard -mthumb -o "Drivers/STM32L4xx_HAL_Driver/Src/stm32l4xx_hal_exti.o"
arm-none-eabi-gcc "../Drivers/STM32L4xx_HAL_Driver/Src/stm32l4xx_hal_flash.c" -mcpu=cortex-m4 -std=gnu11 -g3 -DDEBUG -DUSE_HAL_DRIVER -DSTM32L4A6xx -c -I../Core/Inc -I../Drivers/STM32L4xx_HAL_Driver/Inc -I../Drivers/STM32L4xx_HAL_Driver/Inc/Legacy -I../Drivers/CMSIS/Device/ST/STM32L4xx/Include -I../Drivers/CMSIS/Include -O0 -ffunction-sections -fdata-sections -Wall -fstack-usage -fcyclomatic-complexity -MMD -MP -MF"Drivers/STM32L4xx_HAL_Driver/Src/stm32l4xx_hal_flash.d" -MT"Drivers/STM32L4xx_HAL_Driver/Src/stm32l4xx_hal_flash.o" --specs=nano.specs -mfpu=fpv4-sp-d16 -mfloat-abi=hard -mthumb -o "Drivers/STM32L4xx_HAL_Driver/Src/stm32l4xx_hal_flash.o"
arm-none-eabi-gcc "../Drivers/STM32L4xx_HAL_Driver/Src/stm32l4xx_hal_flash_ex.c" -mcpu=cortex-m4 -std=gnu11 -g3 -DDEBUG -DUSE_HAL_DRIVER -DSTM32L4A6xx -c -I../Core/Inc -I../Drivers/STM32L4xx_HAL_Driver/Inc -I../Drivers/STM32L4xx_HAL_Driver/Inc/Legacy -I../Drivers/CMSIS/Device/ST/STM32L4xx/Include -I../Drivers/CMSIS/Include -O0 -ffunction-sections -fdata-sections -Wall -fstack-usage -fcyclomatic-complexity -MMD -MP -MF"Drivers/STM32L4xx_HAL_Driver/Src/stm32l4xx_hal_flash_ex.d" -MT"Drivers/STM32L4xx_HAL_Driver/Src/stm32l4xx_hal_flash_ex.o" --specs=nano.specs -mfpu=fpv4-sp-d16 -mfloat-abi=hard -mthumb -o "Drivers/STM32L4xx_HAL_Driver/Src/stm32l4xx_hal_flash_ex.o"
arm-none-eabi-gcc "../Drivers/STM32L4xx_HAL_Driver/Src/stm32l4xx_hal_flash_ramfunc.c" -mcpu=cortex-m4 -std=gnu11 -g3 -DDEBUG -DUSE_HAL_DRIVER -DSTM32L4A6xx -c -I../Core/Inc -I../Drivers/STM32L4xx_HAL_Driver/Inc -I../Drivers/STM32L4xx_HAL_Driver/Inc/Legacy -I../Drivers/CMSIS/Device/ST/STM32L4xx/Include -I../Drivers/CMSIS/Include -O0 -ffunction-sections -fdata-sections -Wall -fstack-usage -fcyclomatic-complexity -MMD -MP -MF"Drivers/STM32L4xx_HAL_Driver/Src/stm32l4xx_hal_flash_ramfunc.d" -MT"Drivers/STM32L4xx_HAL_Driver/Src/stm32l4xx_hal_flash_ramfunc.o" --specs=nano.specs -mfpu=fpv4-sp-d16 -mfloat-abi=hard -mthumb -o "Drivers/STM32L4xx_HAL_Driver/Src/stm32l4xx_hal_flash_ramfunc.o"
arm-none-eabi-gcc "../Drivers/STM32L4xx_HAL_Driver/Src/stm32l4xx_hal_gpio.c" -mcpu=cortex-m4 -std=gnu11 -g3 -DDEBUG -DUSE_HAL_DRIVER -DSTM32L4A6xx -c -I../Core/Inc -I../Drivers/STM32L4xx_HAL_Driver/Inc -I../Drivers/STM32L4xx_HAL_Driver/Inc/Legacy -I../Drivers/CMSIS/Device/ST/STM32L4xx/Include -I../Drivers/CMSIS/Include -O0 -ffunction-sections -fdata-sections -Wall -fstack-usage -fcyclomatic-complexity -MMD -MP -MF"Drivers/STM32L4xx_HAL_Driver/Src/stm32l4xx_hal_gpio.d" -MT"Drivers/STM32L4xx_HAL_Driver/Src/stm32l4xx_hal_gpio.o" --specs=nano.specs -mfpu=fpv4-sp-d16 -mfloat-abi=hard -mthumb -o "Drivers/STM32L4xx_HAL_Driver/Src/stm32l4xx_hal_gpio.o"
arm-none-eabi-gcc "../Drivers/STM32L4xx_HAL_Driver/Src/stm32l4xx_hal_i2c.c" -mcpu=cortex-m4 -std=gnu11 -g3 -DDEBUG -DUSE_HAL_DRIVER -DSTM32L4A6xx -c -I../Core/Inc -I../Drivers/STM32L4xx_HAL_Driver/Inc -I../Drivers/STM32L4xx_HAL_Driver/Inc/Legacy -I../Drivers/CMSIS/Device/ST/STM32L4xx/Include -I../Drivers/CMSIS/Include -O0 -ffunction-sections -fdata-sections -Wall -fstack-usage -fcyclomatic-complexity -MMD -MP -MF"Drivers/STM32L4xx_HAL_Driver/Src/stm32l4xx_hal_i2c.d" -MT"Drivers/STM32L4xx_HAL_Driver/Src/stm32l4xx_hal_i2c.o" --specs=nano.specs -mfpu=fpv4-sp-d16 -mfloat-abi=hard -mthumb -o "Drivers/STM32L4xx_HAL_Driver/Src/stm32l4xx_hal_i2c.o"
arm-none-eabi-gcc "../Drivers/STM32L4xx_HAL_Driver/Src/stm32l4xx_hal_i2c_ex.c" -mcpu=cortex-m4 -std=gnu11 -g3 -DDEBUG -DUSE_HAL_DRIVER -DSTM32L4A6xx -c -I../Core/Inc -I../Drivers/STM32L4xx_HAL_Driver/Inc -I../Drivers/STM32L4xx_HAL_Driver/Inc/Legacy -I../Drivers/CMSIS/Device/ST/STM32L4xx/Include -I../Drivers/CMSIS/Include -O0 -ffunction-sections -fdata-sections -Wall -fstack-usage -fcyclomatic-complexity -MMD -MP -MF"Drivers/STM32L4xx_HAL_Driver/Src/stm32l4xx_hal_i2c_ex.d" -MT"Drivers/STM32L4xx_HAL_Driver/Src/stm32l4xx_hal_i2c_ex.o" --specs=nano.specs -mfpu=fpv4-sp-d16 -mfloat-abi=hard -mthumb -o "Drivers/STM32L4xx_HAL_Driver/Src/stm32l4xx_hal_i2c_ex.o"
arm-none-eabi-gcc "../Drivers/STM32L4xx_HAL_Driver/Src/stm32l4xx_hal_pwr.c" -mcpu=cortex-m4 -std=gnu11 -g3 -DDEBUG -DUSE_HAL_DRIVER -DSTM32L4A6xx -c -I../Core/Inc -I../Drivers/STM32L4xx_HAL_Driver/Inc -I../Drivers/STM32L4xx_HAL_Driver/Inc/Legacy -I../Drivers/CMSIS/Device/ST/STM32L4xx/Include -I../Drivers/CMSIS/Include -O0 -ffunction-sections -fdata-sections -Wall -fstack-usage -fcyclomatic-complexity -MMD -MP -MF"Drivers/STM32L4xx_HAL_Driver/Src/stm32l4xx_hal_pwr.d" -MT"Drivers/STM32L4xx_HAL_Driver/Src/stm32l4xx_hal_pwr.o" --specs=nano.specs -mfpu=fpv4-sp-d16 -mfloat-abi=hard -mthumb -o "Drivers/STM32L4xx_HAL_Driver/Src/stm32l4xx_hal_pwr.o"
arm-none-eabi-gcc "../Drivers/STM32L4xx_HAL_Driver/Src/stm32l4xx_hal_pwr_ex.c" -mcpu=cortex-m4 -std=gnu11 -g3 -DDEBUG -DUSE_HAL_DRIVER -DSTM32L4A6xx -c -I../Core/Inc -I../Drivers/STM32L4xx_HAL_Driver/Inc -I../Drivers/STM32L4xx_HAL_Driver/Inc/Legacy -I../Drivers/CMSIS/Device/ST/STM32L4xx/Include -I../Drivers/CMSIS/Include -O0 -ffunction-sections -fdata-sections -Wall -fstack-usage -fcyclomatic-complexity -MMD -MP -MF"Drivers/STM32L4xx_HAL_Driver/Src/stm32l4xx_hal_pwr_ex.d" -MT"Drivers/STM32L4xx_HAL_Driver/Src/stm32l4xx_hal_pwr_ex.o" --specs=nano.specs -mfpu=fpv4-sp-d16 -mfloat-abi=hard -mthumb -o "Drivers/STM32L4xx_HAL_Driver/Src/stm32l4xx_hal_pwr_ex.o"
arm-none-eabi-gcc "../Drivers/STM32L4xx_HAL_Driver/Src/stm32l4xx_hal_rcc.c" -mcpu=cortex-m4 -std=gnu11 -g3 -DDEBUG -DUSE_HAL_DRIVER -DSTM32L4A6xx -c -I../Core/Inc -I../Drivers/STM32L4xx_HAL_Driver/Inc -I../Drivers/STM32L4xx_HAL_Driver/Inc/Legacy -I../Drivers/CMSIS/Device/ST/STM32L4xx/Include -I../Drivers/CMSIS/Include -O0 -ffunction-sections -fdata-sections -Wall -fstack-usage -fcyclomatic-complexity -MMD -MP -MF"Drivers/STM32L4xx_HAL_Driver/Src/stm32l4xx_hal_rcc.d" -MT"Drivers/STM32L4xx_HAL_Driver/Src/stm32l4xx_hal_rcc.o" --specs=nano.specs -mfpu=fpv4-sp-d16 -mfloat-abi=hard -mthumb -o "Drivers/STM32L4xx_HAL_Driver/Src/stm32l4xx_hal_rcc.o"
arm-none-eabi-gcc "../Drivers/STM32L4xx_HAL_Driver/Src/stm32l4xx_hal_rcc_ex.c" -mcpu=cortex-m4 -std=gnu11 -g3 -DDEBUG -DUSE_HAL_DRIVER -DSTM32L4A6xx -c -I../Core/Inc -I../Drivers/STM32L4xx_HAL_Driver/Inc -I../Drivers/STM32L4xx_HAL_Driver/Inc/Legacy -I../Drivers/CMSIS/Device/ST/STM32L4xx/Include -I../Drivers/CMSIS/Include -O0 -ffunction-sections -fdata-sections -Wall -fstack-usage -fcyclomatic-complexity -MMD -MP -MF"Drivers/STM32L4xx_HAL_Driver/Src/stm32l4xx_hal_rcc_ex.d" -MT"Drivers/STM32L4xx_HAL_Driver/Src/stm32l4xx_hal_rcc_ex.o" --specs=nano.specs -mfpu=fpv4-sp-d16 -mfloat-abi=hard -mthumb -o "Drivers/STM32L4xx_HAL_Driver/Src/stm32l4xx_hal_rcc_ex.o"
arm-none-eabi-gcc "../Drivers/STM32L4xx_HAL_Driver/Src/stm32l4xx_hal_tim.c" -mcpu=cortex-m4 -std=gnu11 -g3 -DDEBUG -DUSE_HAL_DRIVER -DSTM32L4A6xx -c -I../Core/Inc -I../Drivers/STM32L4xx_HAL_Driver/Inc -I../Drivers/STM32L4xx_HAL_Driver/Inc/Legacy -I../Drivers/CMSIS/Device/ST/STM32L4xx/Include -I../Drivers/CMSIS/Include -O0 -ffunction-sections -fdata-sections -Wall -fstack-usage -fcyclomatic-complexity -MMD -MP -MF"Drivers/STM32L4xx_HAL_Driver/Src/stm32l4xx_hal_tim.d" -MT"Drivers/STM32L4xx_HAL_Driver/Src/stm32l4xx_hal_tim.o" --specs=nano.specs -mfpu=fpv4-sp-d16 -mfloat-abi=hard -mthumb -o "Drivers/STM32L4xx_HAL_Driver/Src/stm32l4xx_hal_tim.o"
arm-none-eabi-gcc "../Drivers/STM32L4xx_HAL_Driver/Src/stm32l4xx_hal_tim_ex.c" -mcpu=cortex-m4 -std=gnu11 -g3 -DDEBUG -DUSE_HAL_DRIVER -DSTM32L4A6xx -c -I../Core/Inc -I../Drivers/STM32L4xx_HAL_Driver/Inc -I../Drivers/STM32L4xx_HAL_Driver/Inc/Legacy -I../Drivers/CMSIS/Device/ST/STM32L4xx/Include -I../Drivers/CMSIS/Include -O0 -ffunction-sections -fdata-sections -Wall -fstack-usage -fcyclomatic-complexity -MMD -MP -MF"Drivers/STM32L4xx_HAL_Driver/Src/stm32l4xx_hal_tim_ex.d" -MT"Drivers/STM32L4xx_HAL_Driver/Src/stm32l4xx_hal_tim_ex.o" --specs=nano.specs -mfpu=fpv4-sp-d16 -mfloat-abi=hard -mthumb -o "Drivers/STM32L4xx_HAL_Driver/Src/stm32l4xx_hal_tim_ex.o"
arm-none-eabi-gcc "../Drivers/STM32L4xx_HAL_Driver/Src/stm32l4xx_hal_uart.c" -mcpu=cortex-m4 -std=gnu11 -g3 -DDEBUG -DUSE_HAL_DRIVER -DSTM32L4A6xx -c -I../Core/Inc -I../Drivers/STM32L4xx_HAL_Driver/Inc -I../Drivers/STM32L4xx_HAL_Driver/Inc/Legacy -I../Drivers/CMSIS/Device/ST/STM32L4xx/Include -I../Drivers/CMSIS/Include -O0 -ffunction-sections -fdata-sections -Wall -fstack-usage -fcyclomatic-complexity -MMD -MP -MF"Drivers/STM32L4xx_HAL_Driver/Src/stm32l4xx_hal_uart.d" -MT"Drivers/STM32L4xx_HAL_Driver/Src/stm32l4xx_hal_uart.o" --specs=nano.specs -mfpu=fpv4-sp-d16 -mfloat-abi=hard -mthumb -o "Drivers/STM32L4xx_HAL_Driver/Src/stm32l4xx_hal_uart.o"
arm-none-eabi-gcc "../Drivers/STM32L4xx_HAL_Driver/Src/stm32l4xx_hal_uart_ex.c" -mcpu=cortex-m4 -std=gnu11 -g3 -DDEBUG -DUSE_HAL_DRIVER -DSTM32L4A6xx -c -I../Core/Inc -I../Drivers/STM32L4xx_HAL_Driver/Inc -I../Drivers/STM32L4xx_HAL_Driver/Inc/Legacy -I../Drivers/CMSIS/Device/ST/STM32L4xx/Include -I../Drivers/CMSIS/Include -O0 -ffunction-sections -fdata-sections -Wall -fstack-usage -fcyclomatic-complexity -MMD -MP -MF"Drivers/STM32L4xx_HAL_Driver/Src/stm32l4xx_hal_uart_ex.d" -MT"Drivers/STM32L4xx_HAL_Driver/Src/stm32l4xx_hal_uart_ex.o" --specs=nano.specs -mfpu=fpv4-sp-d16 -mfloat-abi=hard -mthumb -o "Drivers/STM32L4xx_HAL_Driver/Src/stm32l4xx_hal_uart_ex.o"
arm-none-eabi-gcc -mcpu=cortex-m4 -g3 -DDEBUG -c -x assembler-with-cpp -MMD -MP -MF"Core/Startup/startup_stm32l4a6zgtx.d" -MT"Core/Startup/startup_stm32l4a6zgtx.o" --specs=nano.specs -mfpu=fpv4-sp-d16 -mfloat-abi=hard -mthumb -o "Core/Startup/startup_stm32l4a6zgtx.o" "../Core/Startup/startup_stm32l4a6zgtx.s"
arm-none-eabi-gcc "../Core/Src/adc.c" -mcpu=cortex-m4 -std=gnu11 -g3 -DDEBUG -DUSE_HAL_DRIVER -DSTM32L4A6xx -c -I../Core/Inc -I../Drivers/STM32L4xx_HAL_Driver/Inc -I../Drivers/STM32L4xx_HAL_Driver/Inc/Legacy -I../Drivers/CMSIS/Device/ST/STM32L4xx/Include -I../Drivers/CMSIS/Include -O0 -ffunction-sections -fdata-sections -Wall -fstack-usage -fcyclomatic-complexity -MMD -MP -MF"Core/Src/adc.d" -MT"Core/Src/adc.o" --specs=nano.specs -mfpu=fpv4-sp-d16 -mfloat-abi=hard -mthumb -o "Core/Src/adc.o"
arm-none-eabi-gcc "../Core/Src/dma.c" -mcpu=cortex-m4 -std=gnu11 -g3 -DDEBUG -DUSE_HAL_DRIVER -DSTM32L4A6xx -c -I../Core/Inc -I../Drivers/STM32L4xx_HAL_Driver/Inc -I../Drivers/STM32L4xx_HAL_Driver/Inc/Legacy -I../Drivers/CMSIS/Device/ST/STM32L4xx/Include -I../Drivers/CMSIS/Include -O0 -ffunction-sections -fdata-sections -Wall -fstack-usage -fcyclomatic-complexity -MMD -MP -MF"Core/Src/dma.d" -MT"Core/Src/dma.o" --specs=nano.specs -mfpu=fpv4-sp-d16 -mfloat-abi=hard -mthumb -o "Core/Src/dma.o"
arm-none-eabi-gcc "../Core/Src/gpio.c" -mcpu=cortex-m4 -std=gnu11 -g3 -DDEBUG -DUSE_HAL_DRIVER -DSTM32L4A6xx -c -I../Core/Inc -I../Drivers/STM32L4xx_HAL_Driver/Inc -I../Drivers/STM32L4xx_HAL_Driver/Inc/Legacy -I../Drivers/CMSIS/Device/ST/STM32L4xx/Include -I../Drivers/CMSIS/Include -O0 -ffunction-sections -fdata-sections -Wall -fstack-usage -fcyclomatic-complexity -MMD -MP -MF"Core/Src/gpio.d" -MT"Core/Src/gpio.o" --specs=nano.specs -mfpu=fpv4-sp-d16 -mfloat-abi=hard -mthumb -o "Core/Src/gpio.o"
arm-none-eabi-gcc "../Core/Src/main.c" -mcpu=cortex-m4 -std=gnu11 -g3 -DDEBUG -DUSE_HAL_DRIVER -DSTM32L4A6xx -c -I../Core/Inc -I../Drivers/STM32L4xx_HAL_Driver/Inc -I../Drivers/STM32L4xx_HAL_Driver/Inc/Legacy -I../Drivers/CMSIS/Device/ST/STM32L4xx/Include -I../Drivers/CMSIS/Include -O0 -ffunction-sections -fdata-sections -Wall -fstack-usage -fcyclomatic-complexity -MMD -MP -MF"Core/Src/main.d" -MT"Core/Src/main.o" --specs=nano.specs -mfpu=fpv4-sp-d16 -mfloat-abi=hard -mthumb -o "Core/Src/main.o"
arm-none-eabi-gcc "../Core/Src/retarget.c" -mcpu=cortex-m4 -std=gnu11 -g3 -DDEBUG -DUSE_HAL_DRIVER -DSTM32L4A6xx -c -I../Core/Inc -I../Drivers/STM32L4xx_HAL_Driver/Inc -I../Drivers/STM32L4xx_HAL_Driver/Inc/Legacy -I../Drivers/CMSIS/Device/ST/STM32L4xx/Include -I../Drivers/CMSIS/Include -O0 -ffunction-sections -fdata-sections -Wall -fstack-usage -fcyclomatic-complexity -MMD -MP -MF"Core/Src/retarget.d" -MT"Core/Src/retarget.o" --specs=nano.specs -mfpu=fpv4-sp-d16 -mfloat-abi=hard -mthumb -o "Core/Src/retarget.o"
arm-none-eabi-gcc "../Core/Src/stm32l4xx_hal_msp.c" -mcpu=cortex-m4 -std=gnu11 -g3 -DDEBUG -DUSE_HAL_DRIVER -DSTM32L4A6xx -c -I../Core/Inc -I../Drivers/STM32L4xx_HAL_Driver/Inc -I../Drivers/STM32L4xx_HAL_Driver/Inc/Legacy -I../Drivers/CMSIS/Device/ST/STM32L4xx/Include -I../Drivers/CMSIS/Include -O0 -ffunction-sections -fdata-sections -Wall -fstack-usage -fcyclomatic-complexity -MMD -MP -MF"Core/Src/stm32l4xx_hal_msp.d" -MT"Core/Src/stm32l4xx_hal_msp.o" --specs=nano.specs -mfpu=fpv4-sp-d16 -mfloat-abi=hard -mthumb -o "Core/Src/stm32l4xx_hal_msp.o"
arm-none-eabi-gcc "../Core/Src/stm32l4xx_it.c" -mcpu=cortex-m4 -std=gnu11 -g3 -DDEBUG -DUSE_HAL_DRIVER -DSTM32L4A6xx -c -I../Core/Inc -I../Drivers/STM32L4xx_HAL_Driver/Inc -I../Drivers/STM32L4xx_HAL_Driver/Inc/Legacy -I../Drivers/CMSIS/Device/ST/STM32L4xx/Include -I../Drivers/CMSIS/Include -O0 -ffunction-sections -fdata-sections -Wall -fstack-usage -fcyclomatic-complexity -MMD -MP -MF"Core/Src/stm32l4xx_it.d" -MT"Core/Src/stm32l4xx_it.o" --specs=nano.specs -mfpu=fpv4-sp-d16 -mfloat-abi=hard -mthumb -o "Core/Src/stm32l4xx_it.o"
arm-none-eabi-gcc "../Core/Src/syscalls.c" -mcpu=cortex-m4 -std=gnu11 -g3 -DDEBUG -DUSE_HAL_DRIVER -DSTM32L4A6xx -c -I../Core/Inc -I../Drivers/STM32L4xx_HAL_Driver/Inc -I../Drivers/STM32L4xx_HAL_Driver/Inc/Legacy -I../Drivers/CMSIS/Device/ST/STM32L4xx/Include -I../Drivers/CMSIS/Include -O0 -ffunction-sections -fdata-sections -Wall -fstack-usage -fcyclomatic-complexity -MMD -MP -MF"Core/Src/syscalls.d" -MT"Core/Src/syscalls.o" --specs=nano.specs -mfpu=fpv4-sp-d16 -mfloat-abi=hard -mthumb -o "Core/Src/syscalls.o"
arm-none-eabi-gcc "../Core/Src/sysmem.c" -mcpu=cortex-m4 -std=gnu11 -g3 -DDEBUG -DUSE_HAL_DRIVER -DSTM32L4A6xx -c -I../Core/Inc -I../Drivers/STM32L4xx_HAL_Driver/Inc -I../Drivers/STM32L4xx_HAL_Driver/Inc/Legacy -I../Drivers/CMSIS/Device/ST/STM32L4xx/Include -I../Drivers/CMSIS/Include -O0 -ffunction-sections -fdata-sections -Wall -fstack-usage -fcyclomatic-complexity -MMD -MP -MF"Core/Src/sysmem.d" -MT"Core/Src/sysmem.o" --specs=nano.specs -mfpu=fpv4-sp-d16 -mfloat-abi=hard -mthumb -o "Core/Src/sysmem.o"
arm-none-eabi-gcc "../Core/Src/system_stm32l4xx.c" -mcpu=cortex-m4 -std=gnu11 -g3 -DDEBUG -DUSE_HAL_DRIVER -DSTM32L4A6xx -c -I../Core/Inc -I../Drivers/STM32L4xx_HAL_Driver/Inc -I../Drivers/STM32L4xx_HAL_Driver/Inc/Legacy -I../Drivers/CMSIS/Device/ST/STM32L4xx/Include -I../Drivers/CMSIS/Include -O0 -ffunction-sections -fdata-sections -Wall -fstack-usage -fcyclomatic-complexity -MMD -MP -MF"Core/Src/system_stm32l4xx.d" -MT"Core/Src/system_stm32l4xx.o" --specs=nano.specs -mfpu=fpv4-sp-d16 -mfloat-abi=hard -mthumb -o "Core/Src/system_stm32l4xx.o"
arm-none-eabi-gcc "../Core/Src/tim.c" -mcpu=cortex-m4 -std=gnu11 -g3 -DDEBUG -DUSE_HAL_DRIVER -DSTM32L4A6xx -c -I../Core/Inc -I../Drivers/STM32L4xx_HAL_Driver/Inc -I../Drivers/STM32L4xx_HAL_Driver/Inc/Legacy -I../Drivers/CMSIS/Device/ST/STM32L4xx/Include -I../Drivers/CMSIS/Include -O0 -ffunction-sections -fdata-sections -Wall -fstack-usage -fcyclomatic-complexity -MMD -MP -MF"Core/Src/tim.d" -MT"Core/Src/tim.o" --specs=nano.specs -mfpu=fpv4-sp-d16 -mfloat-abi=hard -mthumb -o "Core/Src/tim.o"
../Core/Src/main.c: In function 'HAL_ADC_ConvCpltCallback':
../Core/Src/main.c:71:6: warning: type of 'hadc' defaults to 'int' [-Wimplicit-int]
   71 | void HAL_ADC_ConvCpltCallback(hadc){
      |      ^~~~~~~~~~~~~~~~~~~~~~~~
../Core/Src/main.c:71:6: error: argument 'hadc' doesn't match prototype
In file included from ../Core/Inc/stm32l4xx_hal_conf.h:278,
                 from ../Drivers/STM32L4xx_HAL_Driver/Inc/stm32l4xx_hal.h:29,
                 from ../Core/Inc/main.h:31,
                 from ../Core/Src/main.c:21:
../Drivers/STM32L4xx_HAL_Driver/Inc/stm32l4xx_hal_adc.h:1953:25: error: prototype declaration
 1953 | void                    HAL_ADC_ConvCpltCallback(ADC_HandleTypeDef *hadc);
      |                         ^~~~~~~~~~~~~~~~~~~~~~~~
../Core/Src/main.c:74:22: warning: passing argument 1 of 'print_buffer' discards 'volatile' qualifier from pointer target type [-Wdiscarded-qualifiers]
   74 |         print_buffer(ADCBuffer);
      |                      ^~~~~~~~~
../Core/Src/main.c:64:29: note: expected 'uint16_t *' {aka 'short unsigned int *'} but argument is of type 'volatile uint16_t *' {aka 'volatile short unsigned int *'}
   64 | void print_buffer(uint16_t *buffer);
      |                   ~~~~~~~~~~^~~~~~
../Core/Src/main.c: In function 'HAL_GPIO_EXTI_Callback':
../Core/Src/main.c:82:43: warning: passing argument 2 of 'HAL_ADC_Start_DMA' from incompatible pointer type [-Wincompatible-pointer-types]
   82 |                 HAL_ADC_Start_DMA(&hadc1, ADCBuffer, ADC_BUF_SIZE);
      |                                           ^~~~~~~~~
      |                                           |
      |                                           volatile uint16_t * {aka volatile short unsigned int *}
../Drivers/STM32L4xx_HAL_Driver/Inc/stm32l4xx_hal_adc.h:1945:78: note: expected 'uint32_t *' {aka 'long unsigned int *'} but argument is of type 'volatile uint16_t *' {aka 'volatile short unsigned int *'}
 1945 | HAL_StatusTypeDef       HAL_ADC_Start_DMA(ADC_HandleTypeDef *hadc, uint32_t *pData, uint32_t Length);
      |                                                                    ~~~~~~~~~~^~~~~
arm-none-eabi-gcc "../Core/Src/usart.c" -mcpu=cortex-m4 -std=gnu11 -g3 -DDEBUG -DUSE_HAL_DRIVER -DSTM32L4A6xx -c -I../Core/Inc -I../Drivers/STM32L4xx_HAL_Driver/Inc -I../Drivers/STM32L4xx_HAL_Driver/Inc/Legacy -I../Drivers/CMSIS/Device/ST/STM32L4xx/Include -I../Drivers/CMSIS/Include -O0 -ffunction-sections -fdata-sections -Wall -fstack-usage -fcyclomatic-complexity -MMD -MP -MF"Core/Src/usart.d" -MT"Core/Src/usart.o" --specs=nano.specs -mfpu=fpv4-sp-d16 -mfloat-abi=hard -mthumb -o "Core/Src/usart.o"
make: *** [Core/Src/subdir.mk:52: Core/Src/main.o] Error 1
make: *** Waiting for unfinished jobs....
"make -j16 all" terminated with exit code 2. Build might be incomplete.
19:13:08 **** Incremental Build of configuration Debug for project hands_on_audio_acquisition ****
make -j16 all 
arm-none-eabi-gcc "../Core/Src/main.c" -mcpu=cortex-m4 -std=gnu11 -g3 -DDEBUG -DUSE_HAL_DRIVER -DSTM32L4A6xx -c -I../Core/Inc -I../Drivers/STM32L4xx_HAL_Driver/Inc -I../Drivers/STM32L4xx_HAL_Driver/Inc/Legacy -I../Drivers/CMSIS/Device/ST/STM32L4xx/Include -I../Drivers/CMSIS/Include -O0 -ffunction-sections -fdata-sections -Wall -fstack-usage -fcyclomatic-complexity -MMD -MP -MF"Core/Src/main.d" -MT"Core/Src/main.o" --specs=nano.specs -mfpu=fpv4-sp-d16 -mfloat-abi=hard -mthumb -o "Core/Src/main.o"
../Core/Src/main.c: In function 'HAL_ADC_ConvCpltCallback':
../Core/Src/main.c:71:6: warning: type of 'hadc' defaults to 'int' [-Wimplicit-int]
   71 | void HAL_ADC_ConvCpltCallback(hadc){
      |      ^~~~~~~~~~~~~~~~~~~~~~~~
../Core/Src/main.c:71:6: error: argument 'hadc' doesn't match prototype
In file included from ../Core/Inc/stm32l4xx_hal_conf.h:278,
                 from ../Drivers/STM32L4xx_HAL_Driver/Inc/stm32l4xx_hal.h:29,
                 from ../Core/Inc/main.h:31,
                 from ../Core/Src/main.c:21:
../Drivers/STM32L4xx_HAL_Driver/Inc/stm32l4xx_hal_adc.h:1953:25: error: prototype declaration
 1953 | void                    HAL_ADC_ConvCpltCallback(ADC_HandleTypeDef *hadc);
      |                         ^~~~~~~~~~~~~~~~~~~~~~~~
../Core/Src/main.c:74:22: warning: passing argument 1 of 'print_buffer' discards 'volatile' qualifier from pointer target type [-Wdiscarded-qualifiers]
   74 |         print_buffer(ADCBuffer);
      |                      ^~~~~~~~~
../Core/Src/main.c:64:29: note: expected 'uint16_t *' {aka 'short unsigned int *'} but argument is of type 'volatile uint16_t *' {aka 'volatile short unsigned int *'}
   64 | void print_buffer(uint16_t *buffer);
      |                   ~~~~~~~~~~^~~~~~
../Core/Src/main.c: In function 'HAL_GPIO_EXTI_Callback':
../Core/Src/main.c:82:43: warning: passing argument 2 of 'HAL_ADC_Start_DMA' from incompatible pointer type [-Wincompatible-pointer-types]
   82 |                 HAL_ADC_Start_DMA(&hadc1, ADCBuffer, ADC_BUF_SIZE);
      |                                           ^~~~~~~~~
      |                                           |
      |                                           volatile uint16_t * {aka volatile short unsigned int *}
../Drivers/STM32L4xx_HAL_Driver/Inc/stm32l4xx_hal_adc.h:1945:78: note: expected 'uint32_t *' {aka 'long unsigned int *'} but argument is of type 'volatile uint16_t *' {aka 'volatile short unsigned int *'}
 1945 | HAL_StatusTypeDef       HAL_ADC_Start_DMA(ADC_HandleTypeDef *hadc, uint32_t *pData, uint32_t Length);
      |                                                                    ~~~~~~~~~~^~~~~
make: *** [Core/Src/subdir.mk:52: Core/Src/main.o] Error 1
"make -j16 all" terminated with exit code 2. Build might be incomplete.
19:13:41 **** Incremental Build of configuration Debug for project hands_on_audio_acquisition ****
make -j16 all 
arm-none-eabi-gcc "../Core/Src/main.c" -mcpu=cortex-m4 -std=gnu11 -g3 -DDEBUG -DUSE_HAL_DRIVER -DSTM32L4A6xx -c -I../Core/Inc -I../Drivers/STM32L4xx_HAL_Driver/Inc -I../Drivers/STM32L4xx_HAL_Driver/Inc/Legacy -I../Drivers/CMSIS/Device/ST/STM32L4xx/Include -I../Drivers/CMSIS/Include -O0 -ffunction-sections -fdata-sections -Wall -fstack-usage -fcyclomatic-complexity -MMD -MP -MF"Core/Src/main.d" -MT"Core/Src/main.o" --specs=nano.specs -mfpu=fpv4-sp-d16 -mfloat-abi=hard -mthumb -o "Core/Src/main.o"
../Core/Src/main.c: In function 'HAL_ADC_ConvCpltCallback':
../Core/Src/main.c:71:6: warning: type of 'hadc' defaults to 'int' [-Wimplicit-int]
   71 | void HAL_ADC_ConvCpltCallback(hadc){
      |      ^~~~~~~~~~~~~~~~~~~~~~~~
../Core/Src/main.c:71:6: error: argument 'hadc' doesn't match prototype
In file included from ../Core/Inc/stm32l4xx_hal_conf.h:278,
                 from ../Drivers/STM32L4xx_HAL_Driver/Inc/stm32l4xx_hal.h:29,
                 from ../Core/Inc/main.h:31,
                 from ../Core/Src/main.c:21:
../Drivers/STM32L4xx_HAL_Driver/Inc/stm32l4xx_hal_adc.h:1953:25: error: prototype declaration
 1953 | void                    HAL_ADC_ConvCpltCallback(ADC_HandleTypeDef *hadc);
      |                         ^~~~~~~~~~~~~~~~~~~~~~~~
../Core/Src/main.c:74:22: warning: passing argument 1 of 'print_buffer' discards 'volatile' qualifier from pointer target type [-Wdiscarded-qualifiers]
   74 |         print_buffer(ADCBuffer);
      |                      ^~~~~~~~~
../Core/Src/main.c:64:29: note: expected 'uint16_t *' {aka 'short unsigned int *'} but argument is of type 'volatile uint16_t *' {aka 'volatile short unsigned int *'}
   64 | void print_buffer(uint16_t *buffer);
      |                   ~~~~~~~~~~^~~~~~
../Core/Src/main.c: In function 'HAL_GPIO_EXTI_Callback':
../Core/Src/main.c:82:43: warning: passing argument 2 of 'HAL_ADC_Start_DMA' from incompatible pointer type [-Wincompatible-pointer-types]
   82 |                 HAL_ADC_Start_DMA(&hadc1, ADCBuffer, ADC_BUF_SIZE);
      |                                           ^~~~~~~~~
      |                                           |
      |                                           volatile uint16_t * {aka volatile short unsigned int *}
../Drivers/STM32L4xx_HAL_Driver/Inc/stm32l4xx_hal_adc.h:1945:78: note: expected 'uint32_t *' {aka 'long unsigned int *'} but argument is of type 'volatile uint16_t *' {aka 'volatile short unsigned int *'}
 1945 | HAL_StatusTypeDef       HAL_ADC_Start_DMA(ADC_HandleTypeDef *hadc, uint32_t *pData, uint32_t Length);
      |                                                                    ~~~~~~~~~~^~~~~
make: *** [Core/Src/subdir.mk:52: Core/Src/main.o] Error 1
"make -j16 all" terminated with exit code 2. Build might be incomplete.
19:13:52 **** Incremental Build of configuration Debug for project hands_on_audio_acquisition ****
make -j16 all 
arm-none-eabi-gcc "../Core/Src/main.c" -mcpu=cortex-m4 -std=gnu11 -g3 -DDEBUG -DUSE_HAL_DRIVER -DSTM32L4A6xx -c -I../Core/Inc -I../Drivers/STM32L4xx_HAL_Driver/Inc -I../Drivers/STM32L4xx_HAL_Driver/Inc/Legacy -I../Drivers/CMSIS/Device/ST/STM32L4xx/Include -I../Drivers/CMSIS/Include -O0 -ffunction-sections -fdata-sections -Wall -fstack-usage -fcyclomatic-complexity -MMD -MP -MF"Core/Src/main.d" -MT"Core/Src/main.o" --specs=nano.specs -mfpu=fpv4-sp-d16 -mfloat-abi=hard -mthumb -o "Core/Src/main.o"
../Core/Src/main.c:71:31: error: expected declaration specifiers or '...' before '&' token
   71 | void HAL_ADC_ConvCpltCallback(&hadc){
      |                               ^
../Core/Src/main.c: In function 'HAL_GPIO_EXTI_Callback':
../Core/Src/main.c:82:43: warning: passing argument 2 of 'HAL_ADC_Start_DMA' from incompatible pointer type [-Wincompatible-pointer-types]
   82 |                 HAL_ADC_Start_DMA(&hadc1, ADCData1, ADC_BUF_SIZE);
      |                                           ^~~~~~~~
      |                                           |
      |                                           volatile uint16_t * {aka volatile short unsigned int *}
In file included from ../Core/Inc/stm32l4xx_hal_conf.h:278,
                 from ../Drivers/STM32L4xx_HAL_Driver/Inc/stm32l4xx_hal.h:29,
                 from ../Core/Inc/main.h:31,
                 from ../Core/Src/main.c:21:
../Drivers/STM32L4xx_HAL_Driver/Inc/stm32l4xx_hal_adc.h:1945:78: note: expected 'uint32_t *' {aka 'long unsigned int *'} but argument is of type 'volatile uint16_t *' {aka 'volatile short unsigned int *'}
 1945 | HAL_StatusTypeDef       HAL_ADC_Start_DMA(ADC_HandleTypeDef *hadc, uint32_t *pData, uint32_t Length);
      |                                                                    ~~~~~~~~~~^~~~~
make: *** [Core/Src/subdir.mk:52: Core/Src/main.o] Error 1
"make -j16 all" terminated with exit code 2. Build might be incomplete.
19:14:43 **** Incremental Build of configuration Debug for project hands_on_audio_acquisition ****
make -j16 all 
arm-none-eabi-gcc "../Core/Src/main.c" -mcpu=cortex-m4 -std=gnu11 -g3 -DDEBUG -DUSE_HAL_DRIVER -DSTM32L4A6xx -c -I../Core/Inc -I../Drivers/STM32L4xx_HAL_Driver/Inc -I../Drivers/STM32L4xx_HAL_Driver/Inc/Legacy -I../Drivers/CMSIS/Device/ST/STM32L4xx/Include -I../Drivers/CMSIS/Include -O0 -ffunction-sections -fdata-sections -Wall -fstack-usage -fcyclomatic-complexity -MMD -MP -MF"Core/Src/main.d" -MT"Core/Src/main.o" --specs=nano.specs -mfpu=fpv4-sp-d16 -mfloat-abi=hard -mthumb -o "Core/Src/main.o"
../Core/Src/main.c:71:31: error: expected declaration specifiers or '...' before '&' token
   71 | void HAL_ADC_ConvCpltCallback(&hadc){
      |                               ^
../Core/Src/main.c: In function 'HAL_GPIO_EXTI_Callback':
../Core/Src/main.c:82:43: warning: passing argument 2 of 'HAL_ADC_Start_DMA' from incompatible pointer type [-Wincompatible-pointer-types]
   82 |                 HAL_ADC_Start_DMA(&hadc1, ADCData1, ADC_BUF_SIZE);
      |                                           ^~~~~~~~
      |                                           |
      |                                           volatile uint16_t * {aka volatile short unsigned int *}
In file included from ../Core/Inc/stm32l4xx_hal_conf.h:278,
                 from ../Drivers/STM32L4xx_HAL_Driver/Inc/stm32l4xx_hal.h:29,
                 from ../Core/Inc/main.h:31,
                 from ../Core/Src/main.c:21:
../Drivers/STM32L4xx_HAL_Driver/Inc/stm32l4xx_hal_adc.h:1945:78: note: expected 'uint32_t *' {aka 'long unsigned int *'} but argument is of type 'volatile uint16_t *' {aka 'volatile short unsigned int *'}
 1945 | HAL_StatusTypeDef       HAL_ADC_Start_DMA(ADC_HandleTypeDef *hadc, uint32_t *pData, uint32_t Length);
      |                                                                    ~~~~~~~~~~^~~~~
make: *** [Core/Src/subdir.mk:52: Core/Src/main.o] Error 1
"make -j16 all" terminated with exit code 2. Build might be incomplete.
19:15:01 **** Incremental Build of configuration Debug for project hands_on_audio_acquisition ****
make -j16 all 
arm-none-eabi-gcc "../Core/Src/main.c" -mcpu=cortex-m4 -std=gnu11 -g3 -DDEBUG -DUSE_HAL_DRIVER -DSTM32L4A6xx -c -I../Core/Inc -I../Drivers/STM32L4xx_HAL_Driver/Inc -I../Drivers/STM32L4xx_HAL_Driver/Inc/Legacy -I../Drivers/CMSIS/Device/ST/STM32L4xx/Include -I../Drivers/CMSIS/Include -O0 -ffunction-sections -fdata-sections -Wall -fstack-usage -fcyclomatic-complexity -MMD -MP -MF"Core/Src/main.d" -MT"Core/Src/main.o" --specs=nano.specs -mfpu=fpv4-sp-d16 -mfloat-abi=hard -mthumb -o "Core/Src/main.o"
../Core/Src/main.c: In function 'HAL_ADC_ConvCpltCallback':
../Core/Src/main.c:74:22: warning: passing argument 1 of 'print_buffer' discards 'volatile' qualifier from pointer target type [-Wdiscarded-qualifiers]
   74 |         print_buffer(ADCData1);
      |                      ^~~~~~~~
../Core/Src/main.c:64:29: note: expected 'uint16_t *' {aka 'short unsigned int *'} but argument is of type 'volatile uint16_t *' {aka 'volatile short unsigned int *'}
   64 | void print_buffer(uint16_t *buffer);
      |                   ~~~~~~~~~~^~~~~~
../Core/Src/main.c: In function 'HAL_GPIO_EXTI_Callback':
../Core/Src/main.c:82:43: warning: passing argument 2 of 'HAL_ADC_Start_DMA' from incompatible pointer type [-Wincompatible-pointer-types]
   82 |                 HAL_ADC_Start_DMA(&hadc1, ADCData1, ADC_BUF_SIZE);
      |                                           ^~~~~~~~
      |                                           |
      |                                           volatile uint16_t * {aka volatile short unsigned int *}
In file included from ../Core/Inc/stm32l4xx_hal_conf.h:278,
                 from ../Drivers/STM32L4xx_HAL_Driver/Inc/stm32l4xx_hal.h:29,
                 from ../Core/Inc/main.h:31,
                 from ../Core/Src/main.c:21:
../Drivers/STM32L4xx_HAL_Driver/Inc/stm32l4xx_hal_adc.h:1945:78: note: expected 'uint32_t *' {aka 'long unsigned int *'} but argument is of type 'volatile uint16_t *' {aka 'volatile short unsigned int *'}
 1945 | HAL_StatusTypeDef       HAL_ADC_Start_DMA(ADC_HandleTypeDef *hadc, uint32_t *pData, uint32_t Length);
      |                                                                    ~~~~~~~~~~^~~~~
arm-none-eabi-gcc -o "hands_on_audio_acquisition.elf" @"objects.list"   -mcpu=cortex-m4 -T"C:\Users\Carabouille\Documents\LELEC210X\mcu\hands_on_audio_acquisition\STM32L4A6ZGTX_FLASH.ld" --specs=nosys.specs -Wl,-Map="hands_on_audio_acquisition.map" -Wl,--gc-sections -static --specs=nano.specs -mfpu=fpv4-sp-d16 -mfloat-abi=hard -mthumb -Wl,--start-group -lc -lm -Wl,--end-group
C:/ST/STM32CubeIDE_1.16.0/STM32CubeIDE/plugins/com.st.stm32cube.ide.mcu.externaltools.gnu-tools-for-stm32.12.3.rel1.win32_1.0.200.202406191623/tools/bin/../lib/gcc/arm-none-eabi/12.3.1/../../../../arm-none-eabi/bin/ld.exe: warning: hands_on_audio_acquisition.elf has a LOAD segment with RWX permissions
Finished building target: hands_on_audio_acquisition.elf
 
arm-none-eabi-size  hands_on_audio_acquisition.elf 
arm-none-eabi-objdump -h -S hands_on_audio_acquisition.elf  > "hands_on_audio_acquisition.list"
   text	   data	    bss	    dec	    hex	filename
  28524	    112	   4360	  32996	   80e4	hands_on_audio_acquisition.elf
Finished building: default.size.stdout
 
Finished building: hands_on_audio_acquisition.list
 
19:15:08 **** Incremental Build of configuration Debug for project hands_on_audio_acquisition ****
make -j16 all 
arm-none-eabi-size  hands_on_audio_acquisition.elf 
   text	   data	    bss	    dec	    hex	filename
  28524	    112	   4360	  32996	   80e4	hands_on_audio_acquisition.elf
Finished building: default.size.stdout
 
20:00:26 **** Incremental Build of configuration Debug for project hands_on_audio_acquisition ****
make -j16 all 
arm-none-eabi-gcc "../Core/Src/adc.c" -mcpu=cortex-m4 -std=gnu11 -g3 -DDEBUG -DUSE_HAL_DRIVER -DSTM32L4A6xx -c -I../Core/Inc -I../Drivers/STM32L4xx_HAL_Driver/Inc -I../Drivers/STM32L4xx_HAL_Driver/Inc/Legacy -I../Drivers/CMSIS/Device/ST/STM32L4xx/Include -I../Drivers/CMSIS/Include -O0 -ffunction-sections -fdata-sections -Wall -fstack-usage -fcyclomatic-complexity -MMD -MP -MF"Core/Src/adc.d" -MT"Core/Src/adc.o" --specs=nano.specs -mfpu=fpv4-sp-d16 -mfloat-abi=hard -mthumb -o "Core/Src/adc.o"
arm-none-eabi-gcc "../Core/Src/main.c" -mcpu=cortex-m4 -std=gnu11 -g3 -DDEBUG -DUSE_HAL_DRIVER -DSTM32L4A6xx -c -I../Core/Inc -I../Drivers/STM32L4xx_HAL_Driver/Inc -I../Drivers/STM32L4xx_HAL_Driver/Inc/Legacy -I../Drivers/CMSIS/Device/ST/STM32L4xx/Include -I../Drivers/CMSIS/Include -O0 -ffunction-sections -fdata-sections -Wall -fstack-usage -fcyclomatic-complexity -MMD -MP -MF"Core/Src/main.d" -MT"Core/Src/main.o" --specs=nano.specs -mfpu=fpv4-sp-d16 -mfloat-abi=hard -mthumb -o "Core/Src/main.o"
../Core/Src/main.c: In function 'HAL_ADC_ConvHalfCpltCallback':
../Core/Src/main.c:73:40: warning: passing argument 1 of 'get_signal_power' discards 'volatile' qualifier from pointer target type [-Wdiscarded-qualifiers]
   73 |         signalPower = get_signal_power(ADCData1, ADC_BUF_SIZE);
      |                                        ^~~~~~~~
../Core/Src/main.c:67:37: note: expected 'uint16_t *' {aka 'short unsigned int *'} but argument is of type 'volatile uint16_t *' {aka 'volatile short unsigned int *'}
   67 | uint32_t get_signal_power(uint16_t *buffer, size_t len);
      |                           ~~~~~~~~~~^~~~~~
../Core/Src/main.c:74:16: warning: passing argument 1 of 'printf' makes pointer from integer without a cast [-Wint-conversion]
   74 |         printf(signalPower);
      |                ^~~~~~~~~~~
      |                |
      |                uint16_t {aka short unsigned int}
In file included from ../Core/Src/main.c:30:
C:\ST\STM32CubeIDE_1.16.0\STM32CubeIDE\plugins\com.st.stm32cube.ide.mcu.externaltools.gnu-tools-for-stm32.12.3.rel1.win32_1.0.200.202406191623\tools\bin/../lib/gcc/arm-none-eabi/12.3.1/../../../../arm-none-eabi/include/stdio.h:206:17: note: expected 'const char * restrict' but argument is of type 'uint16_t' {aka 'short unsigned int'}
  206 | int     printf (const char *__restrict, ...)
      |                 ^
../Core/Src/main.c:79:30: warning: passing argument 1 of 'print_buffer' discards 'volatile' qualifier from pointer target type [-Wdiscarded-qualifiers]
   79 |                 print_buffer(ADCData2);
      |                              ^~~~~~~~
../Core/Src/main.c:66:29: note: expected 'uint16_t *' {aka 'short unsigned int *'} but argument is of type 'volatile uint16_t *' {aka 'volatile short unsigned int *'}
   66 | void print_buffer(uint16_t *buffer);
      |                   ~~~~~~~~~~^~~~~~
../Core/Src/main.c:80:30: warning: passing argument 1 of 'print_buffer' discards 'volatile' qualifier from pointer target type [-Wdiscarded-qualifiers]
   80 |                 print_buffer(ADCData1);
      |                              ^~~~~~~~
../Core/Src/main.c:66:29: note: expected 'uint16_t *' {aka 'short unsigned int *'} but argument is of type 'volatile uint16_t *' {aka 'volatile short unsigned int *'}
   66 | void print_buffer(uint16_t *buffer);
      |                   ~~~~~~~~~~^~~~~~
../Core/Src/main.c: In function 'HAL_ADC_ConvCpltCallback':
../Core/Src/main.c:88:40: warning: passing argument 1 of 'get_signal_power' discards 'volatile' qualifier from pointer target type [-Wdiscarded-qualifiers]
   88 |         signalPower = get_signal_power(ADCData2, ADC_BUF_SIZE);
      |                                        ^~~~~~~~
../Core/Src/main.c:67:37: note: expected 'uint16_t *' {aka 'short unsigned int *'} but argument is of type 'volatile uint16_t *' {aka 'volatile short unsigned int *'}
   67 | uint32_t get_signal_power(uint16_t *buffer, size_t len);
      |                           ~~~~~~~~~~^~~~~~
../Core/Src/main.c:89:16: warning: passing argument 1 of 'printf' makes pointer from integer without a cast [-Wint-conversion]
   89 |         printf(signalPower);
      |                ^~~~~~~~~~~
      |                |
      |                uint16_t {aka short unsigned int}
C:\ST\STM32CubeIDE_1.16.0\STM32CubeIDE\plugins\com.st.stm32cube.ide.mcu.externaltools.gnu-tools-for-stm32.12.3.rel1.win32_1.0.200.202406191623\tools\bin/../lib/gcc/arm-none-eabi/12.3.1/../../../../arm-none-eabi/include/stdio.h:206:17: note: expected 'const char * restrict' but argument is of type 'uint16_t' {aka 'short unsigned int'}
  206 | int     printf (const char *__restrict, ...)
      |                 ^
../Core/Src/main.c:94:30: warning: passing argument 1 of 'print_buffer' discards 'volatile' qualifier from pointer target type [-Wdiscarded-qualifiers]
   94 |                 print_buffer(ADCData1);
      |                              ^~~~~~~~
../Core/Src/main.c:66:29: note: expected 'uint16_t *' {aka 'short unsigned int *'} but argument is of type 'volatile uint16_t *' {aka 'volatile short unsigned int *'}
   66 | void print_buffer(uint16_t *buffer);
      |                   ~~~~~~~~~~^~~~~~
../Core/Src/main.c:95:30: warning: passing argument 1 of 'print_buffer' discards 'volatile' qualifier from pointer target type [-Wdiscarded-qualifiers]
   95 |                 print_buffer(ADCData2);
      |                              ^~~~~~~~
../Core/Src/main.c:66:29: note: expected 'uint16_t *' {aka 'short unsigned int *'} but argument is of type 'volatile uint16_t *' {aka 'volatile short unsigned int *'}
   66 | void print_buffer(uint16_t *buffer);
      |                   ~~~~~~~~~~^~~~~~
../Core/Src/main.c: In function 'HAL_GPIO_EXTI_Callback':
../Core/Src/main.c:107:43: warning: passing argument 2 of 'HAL_ADC_Start_DMA' from incompatible pointer type [-Wincompatible-pointer-types]
  107 |                 HAL_ADC_Start_DMA(&hadc1, ADCData1, ADC_BUF_SIZE*2);
      |                                           ^~~~~~~~
      |                                           |
      |                                           volatile uint16_t * {aka volatile short unsigned int *}
In file included from ../Core/Inc/stm32l4xx_hal_conf.h:278,
                 from ../Drivers/STM32L4xx_HAL_Driver/Inc/stm32l4xx_hal.h:29,
                 from ../Core/Inc/main.h:31,
                 from ../Core/Src/main.c:21:
../Drivers/STM32L4xx_HAL_Driver/Inc/stm32l4xx_hal_adc.h:1945:78: note: expected 'uint32_t *' {aka 'long unsigned int *'} but argument is of type 'volatile uint16_t *' {aka 'volatile short unsigned int *'}
 1945 | HAL_StatusTypeDef       HAL_ADC_Start_DMA(ADC_HandleTypeDef *hadc, uint32_t *pData, uint32_t Length);
      |                                                                    ~~~~~~~~~~^~~~~
arm-none-eabi-gcc -o "hands_on_audio_acquisition.elf" @"objects.list"   -mcpu=cortex-m4 -T"C:\Users\Carabouille\Documents\LELEC210X\mcu\hands_on_audio_acquisition\STM32L4A6ZGTX_FLASH.ld" --specs=nosys.specs -Wl,-Map="hands_on_audio_acquisition.map" -Wl,--gc-sections -static --specs=nano.specs -mfpu=fpv4-sp-d16 -mfloat-abi=hard -mthumb -Wl,--start-group -lc -lm -Wl,--end-group
C:/ST/STM32CubeIDE_1.16.0/STM32CubeIDE/plugins/com.st.stm32cube.ide.mcu.externaltools.gnu-tools-for-stm32.12.3.rel1.win32_1.0.200.202406191623/tools/bin/../lib/gcc/arm-none-eabi/12.3.1/../../../../arm-none-eabi/bin/ld.exe: warning: hands_on_audio_acquisition.elf has a LOAD segment with RWX permissions
Finished building target: hands_on_audio_acquisition.elf
 
arm-none-eabi-size  hands_on_audio_acquisition.elf 
arm-none-eabi-objdump -h -S hands_on_audio_acquisition.elf  > "hands_on_audio_acquisition.list"
   text	   data	    bss	    dec	    hex	filename
  29152	    112	 122320	 151584	  25020	hands_on_audio_acquisition.elf
Finished building: default.size.stdout
 
Finished building: hands_on_audio_acquisition.list
 
20:09:26 **** Incremental Build of configuration Debug for project hands_on_audio_acquisition ****
make -j16 all 
arm-none-eabi-gcc "../Core/Src/main.c" -mcpu=cortex-m4 -std=gnu11 -g3 -DDEBUG -DUSE_HAL_DRIVER -DSTM32L4A6xx -c -I../Core/Inc -I../Drivers/STM32L4xx_HAL_Driver/Inc -I../Drivers/STM32L4xx_HAL_Driver/Inc/Legacy -I../Drivers/CMSIS/Device/ST/STM32L4xx/Include -I../Drivers/CMSIS/Include -O0 -ffunction-sections -fdata-sections -Wall -fstack-usage -fcyclomatic-complexity -MMD -MP -MF"Core/Src/main.d" -MT"Core/Src/main.o" --specs=nano.specs -mfpu=fpv4-sp-d16 -mfloat-abi=hard -mthumb -o "Core/Src/main.o"
../Core/Src/main.c: In function 'HAL_ADC_ConvHalfCpltCallback':
../Core/Src/main.c:73:40: warning: passing argument 1 of 'get_signal_power' discards 'volatile' qualifier from pointer target type [-Wdiscarded-qualifiers]
   73 |         signalPower = get_signal_power(ADCData1, ADC_BUF_SIZE);
      |                                        ^~~~~~~~
../Core/Src/main.c:67:37: note: expected 'uint16_t *' {aka 'short unsigned int *'} but argument is of type 'volatile uint16_t *' {aka 'volatile short unsigned int *'}
   67 | uint32_t get_signal_power(uint16_t *buffer, size_t len);
      |                           ~~~~~~~~~~^~~~~~
../Core/Src/main.c:79:30: warning: passing argument 1 of 'print_buffer' discards 'volatile' qualifier from pointer target type [-Wdiscarded-qualifiers]
   79 |                 print_buffer(ADCData2);
      |                              ^~~~~~~~
../Core/Src/main.c:66:29: note: expected 'uint16_t *' {aka 'short unsigned int *'} but argument is of type 'volatile uint16_t *' {aka 'volatile short unsigned int *'}
   66 | void print_buffer(uint16_t *buffer);
      |                   ~~~~~~~~~~^~~~~~
../Core/Src/main.c:80:30: warning: passing argument 1 of 'print_buffer' discards 'volatile' qualifier from pointer target type [-Wdiscarded-qualifiers]
   80 |                 print_buffer(ADCData1);
      |                              ^~~~~~~~
../Core/Src/main.c:66:29: note: expected 'uint16_t *' {aka 'short unsigned int *'} but argument is of type 'volatile uint16_t *' {aka 'volatile short unsigned int *'}
   66 | void print_buffer(uint16_t *buffer);
      |                   ~~~~~~~~~~^~~~~~
../Core/Src/main.c: In function 'HAL_ADC_ConvCpltCallback':
../Core/Src/main.c:88:40: warning: passing argument 1 of 'get_signal_power' discards 'volatile' qualifier from pointer target type [-Wdiscarded-qualifiers]
   88 |         signalPower = get_signal_power(ADCData2, ADC_BUF_SIZE);
      |                                        ^~~~~~~~
../Core/Src/main.c:67:37: note: expected 'uint16_t *' {aka 'short unsigned int *'} but argument is of type 'volatile uint16_t *' {aka 'volatile short unsigned int *'}
   67 | uint32_t get_signal_power(uint16_t *buffer, size_t len);
      |                           ~~~~~~~~~~^~~~~~
../Core/Src/main.c:94:30: warning: passing argument 1 of 'print_buffer' discards 'volatile' qualifier from pointer target type [-Wdiscarded-qualifiers]
   94 |                 print_buffer(ADCData1);
      |                              ^~~~~~~~
../Core/Src/main.c:66:29: note: expected 'uint16_t *' {aka 'short unsigned int *'} but argument is of type 'volatile uint16_t *' {aka 'volatile short unsigned int *'}
   66 | void print_buffer(uint16_t *buffer);
      |                   ~~~~~~~~~~^~~~~~
../Core/Src/main.c:95:30: warning: passing argument 1 of 'print_buffer' discards 'volatile' qualifier from pointer target type [-Wdiscarded-qualifiers]
   95 |                 print_buffer(ADCData2);
      |                              ^~~~~~~~
../Core/Src/main.c:66:29: note: expected 'uint16_t *' {aka 'short unsigned int *'} but argument is of type 'volatile uint16_t *' {aka 'volatile short unsigned int *'}
   66 | void print_buffer(uint16_t *buffer);
      |                   ~~~~~~~~~~^~~~~~
../Core/Src/main.c: In function 'HAL_GPIO_EXTI_Callback':
../Core/Src/main.c:107:43: warning: passing argument 2 of 'HAL_ADC_Start_DMA' from incompatible pointer type [-Wincompatible-pointer-types]
  107 |                 HAL_ADC_Start_DMA(&hadc1, ADCData1, ADC_BUF_SIZE*2);
      |                                           ^~~~~~~~
      |                                           |
      |                                           volatile uint16_t * {aka volatile short unsigned int *}
In file included from ../Core/Inc/stm32l4xx_hal_conf.h:278,
                 from ../Drivers/STM32L4xx_HAL_Driver/Inc/stm32l4xx_hal.h:29,
                 from ../Core/Inc/main.h:31,
                 from ../Core/Src/main.c:21:
../Drivers/STM32L4xx_HAL_Driver/Inc/stm32l4xx_hal_adc.h:1945:78: note: expected 'uint32_t *' {aka 'long unsigned int *'} but argument is of type 'volatile uint16_t *' {aka 'volatile short unsigned int *'}
 1945 | HAL_StatusTypeDef       HAL_ADC_Start_DMA(ADC_HandleTypeDef *hadc, uint32_t *pData, uint32_t Length);
      |                                                                    ~~~~~~~~~~^~~~~
arm-none-eabi-gcc -o "hands_on_audio_acquisition.elf" @"objects.list"   -mcpu=cortex-m4 -T"C:\Users\Carabouille\Documents\LELEC210X\mcu\hands_on_audio_acquisition\STM32L4A6ZGTX_FLASH.ld" --specs=nosys.specs -Wl,-Map="hands_on_audio_acquisition.map" -Wl,--gc-sections -static --specs=nano.specs -mfpu=fpv4-sp-d16 -mfloat-abi=hard -mthumb -Wl,--start-group -lc -lm -Wl,--end-group
C:/ST/STM32CubeIDE_1.16.0/STM32CubeIDE/plugins/com.st.stm32cube.ide.mcu.externaltools.gnu-tools-for-stm32.12.3.rel1.win32_1.0.200.202406191623/tools/bin/../lib/gcc/arm-none-eabi/12.3.1/../../../../arm-none-eabi/bin/ld.exe: warning: hands_on_audio_acquisition.elf has a LOAD segment with RWX permissions
Finished building target: hands_on_audio_acquisition.elf
 
arm-none-eabi-size  hands_on_audio_acquisition.elf 
arm-none-eabi-objdump -h -S hands_on_audio_acquisition.elf  > "hands_on_audio_acquisition.list"
   text	   data	    bss	    dec	    hex	filename
  29164	    112	 122320	 151596	  2502c	hands_on_audio_acquisition.elf
Finished building: default.size.stdout
 
Finished building: hands_on_audio_acquisition.list
 
20:10:39 **** Incremental Build of configuration Debug for project hands_on_audio_acquisition ****
make -j16 all 
arm-none-eabi-gcc "../Core/Src/main.c" -mcpu=cortex-m4 -std=gnu11 -g3 -DDEBUG -DUSE_HAL_DRIVER -DSTM32L4A6xx -c -I../Core/Inc -I../Drivers/STM32L4xx_HAL_Driver/Inc -I../Drivers/STM32L4xx_HAL_Driver/Inc/Legacy -I../Drivers/CMSIS/Device/ST/STM32L4xx/Include -I../Drivers/CMSIS/Include -O0 -ffunction-sections -fdata-sections -Wall -fstack-usage -fcyclomatic-complexity -MMD -MP -MF"Core/Src/main.d" -MT"Core/Src/main.o" --specs=nano.specs -mfpu=fpv4-sp-d16 -mfloat-abi=hard -mthumb -o "Core/Src/main.o"
../Core/Src/main.c: In function 'HAL_ADC_ConvHalfCpltCallback':
../Core/Src/main.c:73:40: warning: passing argument 1 of 'get_signal_power' discards 'volatile' qualifier from pointer target type [-Wdiscarded-qualifiers]
   73 |         signalPower = get_signal_power(ADCData1, ADC_BUF_SIZE);
      |                                        ^~~~~~~~
../Core/Src/main.c:67:37: note: expected 'uint16_t *' {aka 'short unsigned int *'} but argument is of type 'volatile uint16_t *' {aka 'volatile short unsigned int *'}
   67 | uint32_t get_signal_power(uint16_t *buffer, size_t len);
      |                           ~~~~~~~~~~^~~~~~
../Core/Src/main.c:79:30: warning: passing argument 1 of 'print_buffer' discards 'volatile' qualifier from pointer target type [-Wdiscarded-qualifiers]
   79 |                 print_buffer(ADCData2);
      |                              ^~~~~~~~
../Core/Src/main.c:66:29: note: expected 'uint16_t *' {aka 'short unsigned int *'} but argument is of type 'volatile uint16_t *' {aka 'volatile short unsigned int *'}
   66 | void print_buffer(uint16_t *buffer);
      |                   ~~~~~~~~~~^~~~~~
../Core/Src/main.c:80:30: warning: passing argument 1 of 'print_buffer' discards 'volatile' qualifier from pointer target type [-Wdiscarded-qualifiers]
   80 |                 print_buffer(ADCData1);
      |                              ^~~~~~~~
../Core/Src/main.c:66:29: note: expected 'uint16_t *' {aka 'short unsigned int *'} but argument is of type 'volatile uint16_t *' {aka 'volatile short unsigned int *'}
   66 | void print_buffer(uint16_t *buffer);
      |                   ~~~~~~~~~~^~~~~~
../Core/Src/main.c: In function 'HAL_ADC_ConvCpltCallback':
../Core/Src/main.c:88:40: warning: passing argument 1 of 'get_signal_power' discards 'volatile' qualifier from pointer target type [-Wdiscarded-qualifiers]
   88 |         signalPower = get_signal_power(ADCData2, ADC_BUF_SIZE);
      |                                        ^~~~~~~~
../Core/Src/main.c:67:37: note: expected 'uint16_t *' {aka 'short unsigned int *'} but argument is of type 'volatile uint16_t *' {aka 'volatile short unsigned int *'}
   67 | uint32_t get_signal_power(uint16_t *buffer, size_t len);
      |                           ~~~~~~~~~~^~~~~~
../Core/Src/main.c:94:30: warning: passing argument 1 of 'print_buffer' discards 'volatile' qualifier from pointer target type [-Wdiscarded-qualifiers]
   94 |                 print_buffer(ADCData1);
      |                              ^~~~~~~~
../Core/Src/main.c:66:29: note: expected 'uint16_t *' {aka 'short unsigned int *'} but argument is of type 'volatile uint16_t *' {aka 'volatile short unsigned int *'}
   66 | void print_buffer(uint16_t *buffer);
      |                   ~~~~~~~~~~^~~~~~
../Core/Src/main.c:95:30: warning: passing argument 1 of 'print_buffer' discards 'volatile' qualifier from pointer target type [-Wdiscarded-qualifiers]
   95 |                 print_buffer(ADCData2);
      |                              ^~~~~~~~
../Core/Src/main.c:66:29: note: expected 'uint16_t *' {aka 'short unsigned int *'} but argument is of type 'volatile uint16_t *' {aka 'volatile short unsigned int *'}
   66 | void print_buffer(uint16_t *buffer);
      |                   ~~~~~~~~~~^~~~~~
../Core/Src/main.c: In function 'HAL_GPIO_EXTI_Callback':
../Core/Src/main.c:107:43: warning: passing argument 2 of 'HAL_ADC_Start_DMA' from incompatible pointer type [-Wincompatible-pointer-types]
  107 |                 HAL_ADC_Start_DMA(&hadc1, ADCData1, ADC_BUF_SIZE*2);
      |                                           ^~~~~~~~
      |                                           |
      |                                           volatile uint16_t * {aka volatile short unsigned int *}
In file included from ../Core/Inc/stm32l4xx_hal_conf.h:278,
                 from ../Drivers/STM32L4xx_HAL_Driver/Inc/stm32l4xx_hal.h:29,
                 from ../Core/Inc/main.h:31,
                 from ../Core/Src/main.c:21:
../Drivers/STM32L4xx_HAL_Driver/Inc/stm32l4xx_hal_adc.h:1945:78: note: expected 'uint32_t *' {aka 'long unsigned int *'} but argument is of type 'volatile uint16_t *' {aka 'volatile short unsigned int *'}
 1945 | HAL_StatusTypeDef       HAL_ADC_Start_DMA(ADC_HandleTypeDef *hadc, uint32_t *pData, uint32_t Length);
      |                                                                    ~~~~~~~~~~^~~~~
arm-none-eabi-gcc -o "hands_on_audio_acquisition.elf" @"objects.list"   -mcpu=cortex-m4 -T"C:\Users\Carabouille\Documents\LELEC210X\mcu\hands_on_audio_acquisition\STM32L4A6ZGTX_FLASH.ld" --specs=nosys.specs -Wl,-Map="hands_on_audio_acquisition.map" -Wl,--gc-sections -static --specs=nano.specs -mfpu=fpv4-sp-d16 -mfloat-abi=hard -mthumb -Wl,--start-group -lc -lm -Wl,--end-group
C:/ST/STM32CubeIDE_1.16.0/STM32CubeIDE/plugins/com.st.stm32cube.ide.mcu.externaltools.gnu-tools-for-stm32.12.3.rel1.win32_1.0.200.202406191623/tools/bin/../lib/gcc/arm-none-eabi/12.3.1/../../../../arm-none-eabi/bin/ld.exe: warning: hands_on_audio_acquisition.elf has a LOAD segment with RWX permissions
Finished building target: hands_on_audio_acquisition.elf
 
arm-none-eabi-size  hands_on_audio_acquisition.elf 
arm-none-eabi-objdump -h -S hands_on_audio_acquisition.elf  > "hands_on_audio_acquisition.list"
   text	   data	    bss	    dec	    hex	filename
  29164	    112	 122320	 151596	  2502c	hands_on_audio_acquisition.elf
Finished building: default.size.stdout
 
Finished building: hands_on_audio_acquisition.list
 
20:11:45 **** Incremental Build of configuration Debug for project hands_on_audio_acquisition ****
make -j16 all 
arm-none-eabi-gcc "../Core/Src/main.c" -mcpu=cortex-m4 -std=gnu11 -g3 -DDEBUG -DUSE_HAL_DRIVER -DSTM32L4A6xx -c -I../Core/Inc -I../Drivers/STM32L4xx_HAL_Driver/Inc -I../Drivers/STM32L4xx_HAL_Driver/Inc/Legacy -I../Drivers/CMSIS/Device/ST/STM32L4xx/Include -I../Drivers/CMSIS/Include -O0 -ffunction-sections -fdata-sections -Wall -fstack-usage -fcyclomatic-complexity -MMD -MP -MF"Core/Src/main.d" -MT"Core/Src/main.o" --specs=nano.specs -mfpu=fpv4-sp-d16 -mfloat-abi=hard -mthumb -o "Core/Src/main.o"
../Core/Src/main.c: In function 'HAL_ADC_ConvHalfCpltCallback':
../Core/Src/main.c:73:40: warning: passing argument 1 of 'get_signal_power' discards 'volatile' qualifier from pointer target type [-Wdiscarded-qualifiers]
   73 |         signalPower = get_signal_power(ADCData1, ADC_BUF_SIZE);
      |                                        ^~~~~~~~
../Core/Src/main.c:67:37: note: expected 'uint16_t *' {aka 'short unsigned int *'} but argument is of type 'volatile uint16_t *' {aka 'volatile short unsigned int *'}
   67 | uint32_t get_signal_power(uint16_t *buffer, size_t len);
      |                           ~~~~~~~~~~^~~~~~
../Core/Src/main.c:79:30: warning: passing argument 1 of 'print_buffer' discards 'volatile' qualifier from pointer target type [-Wdiscarded-qualifiers]
   79 |                 print_buffer(ADCData2);
      |                              ^~~~~~~~
../Core/Src/main.c:66:29: note: expected 'uint16_t *' {aka 'short unsigned int *'} but argument is of type 'volatile uint16_t *' {aka 'volatile short unsigned int *'}
   66 | void print_buffer(uint16_t *buffer);
      |                   ~~~~~~~~~~^~~~~~
../Core/Src/main.c:80:30: warning: passing argument 1 of 'print_buffer' discards 'volatile' qualifier from pointer target type [-Wdiscarded-qualifiers]
   80 |                 print_buffer(ADCData1);
      |                              ^~~~~~~~
../Core/Src/main.c:66:29: note: expected 'uint16_t *' {aka 'short unsigned int *'} but argument is of type 'volatile uint16_t *' {aka 'volatile short unsigned int *'}
   66 | void print_buffer(uint16_t *buffer);
      |                   ~~~~~~~~~~^~~~~~
../Core/Src/main.c: In function 'HAL_ADC_ConvCpltCallback':
../Core/Src/main.c:88:40: warning: passing argument 1 of 'get_signal_power' discards 'volatile' qualifier from pointer target type [-Wdiscarded-qualifiers]
   88 |         signalPower = get_signal_power(ADCData2, ADC_BUF_SIZE);
      |                                        ^~~~~~~~
../Core/Src/main.c:67:37: note: expected 'uint16_t *' {aka 'short unsigned int *'} but argument is of type 'volatile uint16_t *' {aka 'volatile short unsigned int *'}
   67 | uint32_t get_signal_power(uint16_t *buffer, size_t len);
      |                           ~~~~~~~~~~^~~~~~
../Core/Src/main.c:94:30: warning: passing argument 1 of 'print_buffer' discards 'volatile' qualifier from pointer target type [-Wdiscarded-qualifiers]
   94 |                 print_buffer(ADCData1);
      |                              ^~~~~~~~
../Core/Src/main.c:66:29: note: expected 'uint16_t *' {aka 'short unsigned int *'} but argument is of type 'volatile uint16_t *' {aka 'volatile short unsigned int *'}
   66 | void print_buffer(uint16_t *buffer);
      |                   ~~~~~~~~~~^~~~~~
../Core/Src/main.c:95:30: warning: passing argument 1 of 'print_buffer' discards 'volatile' qualifier from pointer target type [-Wdiscarded-qualifiers]
   95 |                 print_buffer(ADCData2);
      |                              ^~~~~~~~
../Core/Src/main.c:66:29: note: expected 'uint16_t *' {aka 'short unsigned int *'} but argument is of type 'volatile uint16_t *' {aka 'volatile short unsigned int *'}
   66 | void print_buffer(uint16_t *buffer);
      |                   ~~~~~~~~~~^~~~~~
../Core/Src/main.c: In function 'HAL_GPIO_EXTI_Callback':
../Core/Src/main.c:107:43: warning: passing argument 2 of 'HAL_ADC_Start_DMA' from incompatible pointer type [-Wincompatible-pointer-types]
  107 |                 HAL_ADC_Start_DMA(&hadc1, ADCData1, ADC_BUF_SIZE*2);
      |                                           ^~~~~~~~
      |                                           |
      |                                           volatile uint16_t * {aka volatile short unsigned int *}
In file included from ../Core/Inc/stm32l4xx_hal_conf.h:278,
                 from ../Drivers/STM32L4xx_HAL_Driver/Inc/stm32l4xx_hal.h:29,
                 from ../Core/Inc/main.h:31,
                 from ../Core/Src/main.c:21:
../Drivers/STM32L4xx_HAL_Driver/Inc/stm32l4xx_hal_adc.h:1945:78: note: expected 'uint32_t *' {aka 'long unsigned int *'} but argument is of type 'volatile uint16_t *' {aka 'volatile short unsigned int *'}
 1945 | HAL_StatusTypeDef       HAL_ADC_Start_DMA(ADC_HandleTypeDef *hadc, uint32_t *pData, uint32_t Length);
      |                                                                    ~~~~~~~~~~^~~~~
arm-none-eabi-gcc -o "hands_on_audio_acquisition.elf" @"objects.list"   -mcpu=cortex-m4 -T"C:\Users\Carabouille\Documents\LELEC210X\mcu\hands_on_audio_acquisition\STM32L4A6ZGTX_FLASH.ld" --specs=nosys.specs -Wl,-Map="hands_on_audio_acquisition.map" -Wl,--gc-sections -static --specs=nano.specs -mfpu=fpv4-sp-d16 -mfloat-abi=hard -mthumb -Wl,--start-group -lc -lm -Wl,--end-group
C:/ST/STM32CubeIDE_1.16.0/STM32CubeIDE/plugins/com.st.stm32cube.ide.mcu.externaltools.gnu-tools-for-stm32.12.3.rel1.win32_1.0.200.202406191623/tools/bin/../lib/gcc/arm-none-eabi/12.3.1/../../../../arm-none-eabi/bin/ld.exe: warning: hands_on_audio_acquisition.elf has a LOAD segment with RWX permissions
Finished building target: hands_on_audio_acquisition.elf
 
arm-none-eabi-size  hands_on_audio_acquisition.elf 
arm-none-eabi-objdump -h -S hands_on_audio_acquisition.elf  > "hands_on_audio_acquisition.list"
   text	   data	    bss	    dec	    hex	filename
  29164	    112	 122320	 151596	  2502c	hands_on_audio_acquisition.elf
Finished building: default.size.stdout
 
Finished building: hands_on_audio_acquisition.list
 
20:13:26 **** Incremental Build of configuration Debug for project hands_on_audio_acquisition ****
make -j16 all 
arm-none-eabi-gcc "../Core/Src/main.c" -mcpu=cortex-m4 -std=gnu11 -g3 -DDEBUG -DUSE_HAL_DRIVER -DSTM32L4A6xx -c -I../Core/Inc -I../Drivers/STM32L4xx_HAL_Driver/Inc -I../Drivers/STM32L4xx_HAL_Driver/Inc/Legacy -I../Drivers/CMSIS/Device/ST/STM32L4xx/Include -I../Drivers/CMSIS/Include -O0 -ffunction-sections -fdata-sections -Wall -fstack-usage -fcyclomatic-complexity -MMD -MP -MF"Core/Src/main.d" -MT"Core/Src/main.o" --specs=nano.specs -mfpu=fpv4-sp-d16 -mfloat-abi=hard -mthumb -o "Core/Src/main.o"
../Core/Src/main.c: In function 'HAL_ADC_ConvHalfCpltCallback':
../Core/Src/main.c:73:40: warning: passing argument 1 of 'get_signal_power' discards 'volatile' qualifier from pointer target type [-Wdiscarded-qualifiers]
   73 |         signalPower = get_signal_power(ADCData1, ADC_BUF_SIZE);
      |                                        ^~~~~~~~
../Core/Src/main.c:67:37: note: expected 'uint16_t *' {aka 'short unsigned int *'} but argument is of type 'volatile uint16_t *' {aka 'volatile short unsigned int *'}
   67 | uint32_t get_signal_power(uint16_t *buffer, size_t len);
      |                           ~~~~~~~~~~^~~~~~
../Core/Src/main.c:78:30: warning: passing argument 1 of 'print_buffer' discards 'volatile' qualifier from pointer target type [-Wdiscarded-qualifiers]
   78 |                 print_buffer(ADCData2);
      |                              ^~~~~~~~
../Core/Src/main.c:66:29: note: expected 'uint16_t *' {aka 'short unsigned int *'} but argument is of type 'volatile uint16_t *' {aka 'volatile short unsigned int *'}
   66 | void print_buffer(uint16_t *buffer);
      |                   ~~~~~~~~~~^~~~~~
../Core/Src/main.c:79:30: warning: passing argument 1 of 'print_buffer' discards 'volatile' qualifier from pointer target type [-Wdiscarded-qualifiers]
   79 |                 print_buffer(ADCData1);
      |                              ^~~~~~~~
../Core/Src/main.c:66:29: note: expected 'uint16_t *' {aka 'short unsigned int *'} but argument is of type 'volatile uint16_t *' {aka 'volatile short unsigned int *'}
   66 | void print_buffer(uint16_t *buffer);
      |                   ~~~~~~~~~~^~~~~~
../Core/Src/main.c: In function 'HAL_ADC_ConvCpltCallback':
../Core/Src/main.c:87:40: warning: passing argument 1 of 'get_signal_power' discards 'volatile' qualifier from pointer target type [-Wdiscarded-qualifiers]
   87 |         signalPower = get_signal_power(ADCData2, ADC_BUF_SIZE);
      |                                        ^~~~~~~~
../Core/Src/main.c:67:37: note: expected 'uint16_t *' {aka 'short unsigned int *'} but argument is of type 'volatile uint16_t *' {aka 'volatile short unsigned int *'}
   67 | uint32_t get_signal_power(uint16_t *buffer, size_t len);
      |                           ~~~~~~~~~~^~~~~~
../Core/Src/main.c:92:30: warning: passing argument 1 of 'print_buffer' discards 'volatile' qualifier from pointer target type [-Wdiscarded-qualifiers]
   92 |                 print_buffer(ADCData1);
      |                              ^~~~~~~~
../Core/Src/main.c:66:29: note: expected 'uint16_t *' {aka 'short unsigned int *'} but argument is of type 'volatile uint16_t *' {aka 'volatile short unsigned int *'}
   66 | void print_buffer(uint16_t *buffer);
      |                   ~~~~~~~~~~^~~~~~
../Core/Src/main.c:93:30: warning: passing argument 1 of 'print_buffer' discards 'volatile' qualifier from pointer target type [-Wdiscarded-qualifiers]
   93 |                 print_buffer(ADCData2);
      |                              ^~~~~~~~
../Core/Src/main.c:66:29: note: expected 'uint16_t *' {aka 'short unsigned int *'} but argument is of type 'volatile uint16_t *' {aka 'volatile short unsigned int *'}
   66 | void print_buffer(uint16_t *buffer);
      |                   ~~~~~~~~~~^~~~~~
../Core/Src/main.c: In function 'HAL_GPIO_EXTI_Callback':
../Core/Src/main.c:105:43: warning: passing argument 2 of 'HAL_ADC_Start_DMA' from incompatible pointer type [-Wincompatible-pointer-types]
  105 |                 HAL_ADC_Start_DMA(&hadc1, ADCData1, ADC_BUF_SIZE*2);
      |                                           ^~~~~~~~
      |                                           |
      |                                           volatile uint16_t * {aka volatile short unsigned int *}
In file included from ../Core/Inc/stm32l4xx_hal_conf.h:278,
                 from ../Drivers/STM32L4xx_HAL_Driver/Inc/stm32l4xx_hal.h:29,
                 from ../Core/Inc/main.h:31,
                 from ../Core/Src/main.c:21:
../Drivers/STM32L4xx_HAL_Driver/Inc/stm32l4xx_hal_adc.h:1945:78: note: expected 'uint32_t *' {aka 'long unsigned int *'} but argument is of type 'volatile uint16_t *' {aka 'volatile short unsigned int *'}
 1945 | HAL_StatusTypeDef       HAL_ADC_Start_DMA(ADC_HandleTypeDef *hadc, uint32_t *pData, uint32_t Length);
      |                                                                    ~~~~~~~~~~^~~~~
arm-none-eabi-gcc -o "hands_on_audio_acquisition.elf" @"objects.list"   -mcpu=cortex-m4 -T"C:\Users\Carabouille\Documents\LELEC210X\mcu\hands_on_audio_acquisition\STM32L4A6ZGTX_FLASH.ld" --specs=nosys.specs -Wl,-Map="hands_on_audio_acquisition.map" -Wl,--gc-sections -static --specs=nano.specs -mfpu=fpv4-sp-d16 -mfloat-abi=hard -mthumb -Wl,--start-group -lc -lm -Wl,--end-group
C:/ST/STM32CubeIDE_1.16.0/STM32CubeIDE/plugins/com.st.stm32cube.ide.mcu.externaltools.gnu-tools-for-stm32.12.3.rel1.win32_1.0.200.202406191623/tools/bin/../lib/gcc/arm-none-eabi/12.3.1/../../../../arm-none-eabi/bin/ld.exe: warning: hands_on_audio_acquisition.elf has a LOAD segment with RWX permissions
Finished building target: hands_on_audio_acquisition.elf
 
arm-none-eabi-size  hands_on_audio_acquisition.elf 
arm-none-eabi-objdump -h -S hands_on_audio_acquisition.elf  > "hands_on_audio_acquisition.list"
   text	   data	    bss	    dec	    hex	filename
  29036	    112	 122320	 151468	  24fac	hands_on_audio_acquisition.elf
Finished building: default.size.stdout
 
Finished building: hands_on_audio_acquisition.list
 
20:14:06 **** Incremental Build of configuration Debug for project hands_on_audio_acquisition ****
make -j16 all 
arm-none-eabi-gcc "../Core/Src/main.c" -mcpu=cortex-m4 -std=gnu11 -g3 -DDEBUG -DUSE_HAL_DRIVER -DSTM32L4A6xx -c -I../Core/Inc -I../Drivers/STM32L4xx_HAL_Driver/Inc -I../Drivers/STM32L4xx_HAL_Driver/Inc/Legacy -I../Drivers/CMSIS/Device/ST/STM32L4xx/Include -I../Drivers/CMSIS/Include -O0 -ffunction-sections -fdata-sections -Wall -fstack-usage -fcyclomatic-complexity -MMD -MP -MF"Core/Src/main.d" -MT"Core/Src/main.o" --specs=nano.specs -mfpu=fpv4-sp-d16 -mfloat-abi=hard -mthumb -o "Core/Src/main.o"
../Core/Src/main.c: In function 'HAL_ADC_ConvHalfCpltCallback':
../Core/Src/main.c:73:40: warning: passing argument 1 of 'get_signal_power' discards 'volatile' qualifier from pointer target type [-Wdiscarded-qualifiers]
   73 |         signalPower = get_signal_power(ADCData1, ADC_BUF_SIZE);
      |                                        ^~~~~~~~
../Core/Src/main.c:67:37: note: expected 'uint16_t *' {aka 'short unsigned int *'} but argument is of type 'volatile uint16_t *' {aka 'volatile short unsigned int *'}
   67 | uint32_t get_signal_power(uint16_t *buffer, size_t len);
      |                           ~~~~~~~~~~^~~~~~
../Core/Src/main.c:78:30: warning: passing argument 1 of 'print_buffer' discards 'volatile' qualifier from pointer target type [-Wdiscarded-qualifiers]
   78 |                 print_buffer(ADCData2);
      |                              ^~~~~~~~
../Core/Src/main.c:66:29: note: expected 'uint16_t *' {aka 'short unsigned int *'} but argument is of type 'volatile uint16_t *' {aka 'volatile short unsigned int *'}
   66 | void print_buffer(uint16_t *buffer);
      |                   ~~~~~~~~~~^~~~~~
../Core/Src/main.c:79:30: warning: passing argument 1 of 'print_buffer' discards 'volatile' qualifier from pointer target type [-Wdiscarded-qualifiers]
   79 |                 print_buffer(ADCData1);
      |                              ^~~~~~~~
../Core/Src/main.c:66:29: note: expected 'uint16_t *' {aka 'short unsigned int *'} but argument is of type 'volatile uint16_t *' {aka 'volatile short unsigned int *'}
   66 | void print_buffer(uint16_t *buffer);
      |                   ~~~~~~~~~~^~~~~~
../Core/Src/main.c: In function 'HAL_ADC_ConvCpltCallback':
../Core/Src/main.c:87:40: warning: passing argument 1 of 'get_signal_power' discards 'volatile' qualifier from pointer target type [-Wdiscarded-qualifiers]
   87 |         signalPower = get_signal_power(ADCData2, ADC_BUF_SIZE);
      |                                        ^~~~~~~~
../Core/Src/main.c:67:37: note: expected 'uint16_t *' {aka 'short unsigned int *'} but argument is of type 'volatile uint16_t *' {aka 'volatile short unsigned int *'}
   67 | uint32_t get_signal_power(uint16_t *buffer, size_t len);
      |                           ~~~~~~~~~~^~~~~~
../Core/Src/main.c:92:30: warning: passing argument 1 of 'print_buffer' discards 'volatile' qualifier from pointer target type [-Wdiscarded-qualifiers]
   92 |                 print_buffer(ADCData1);
      |                              ^~~~~~~~
../Core/Src/main.c:66:29: note: expected 'uint16_t *' {aka 'short unsigned int *'} but argument is of type 'volatile uint16_t *' {aka 'volatile short unsigned int *'}
   66 | void print_buffer(uint16_t *buffer);
      |                   ~~~~~~~~~~^~~~~~
../Core/Src/main.c:93:30: warning: passing argument 1 of 'print_buffer' discards 'volatile' qualifier from pointer target type [-Wdiscarded-qualifiers]
   93 |                 print_buffer(ADCData2);
      |                              ^~~~~~~~
../Core/Src/main.c:66:29: note: expected 'uint16_t *' {aka 'short unsigned int *'} but argument is of type 'volatile uint16_t *' {aka 'volatile short unsigned int *'}
   66 | void print_buffer(uint16_t *buffer);
      |                   ~~~~~~~~~~^~~~~~
../Core/Src/main.c: In function 'HAL_GPIO_EXTI_Callback':
../Core/Src/main.c:105:43: warning: passing argument 2 of 'HAL_ADC_Start_DMA' from incompatible pointer type [-Wincompatible-pointer-types]
  105 |                 HAL_ADC_Start_DMA(&hadc1, ADCData1, ADC_BUF_SIZE*2);
      |                                           ^~~~~~~~
      |                                           |
      |                                           volatile uint16_t * {aka volatile short unsigned int *}
In file included from ../Core/Inc/stm32l4xx_hal_conf.h:278,
                 from ../Drivers/STM32L4xx_HAL_Driver/Inc/stm32l4xx_hal.h:29,
                 from ../Core/Inc/main.h:31,
                 from ../Core/Src/main.c:21:
../Drivers/STM32L4xx_HAL_Driver/Inc/stm32l4xx_hal_adc.h:1945:78: note: expected 'uint32_t *' {aka 'long unsigned int *'} but argument is of type 'volatile uint16_t *' {aka 'volatile short unsigned int *'}
 1945 | HAL_StatusTypeDef       HAL_ADC_Start_DMA(ADC_HandleTypeDef *hadc, uint32_t *pData, uint32_t Length);
      |                                                                    ~~~~~~~~~~^~~~~
arm-none-eabi-gcc -o "hands_on_audio_acquisition.elf" @"objects.list"   -mcpu=cortex-m4 -T"C:\Users\Carabouille\Documents\LELEC210X\mcu\hands_on_audio_acquisition\STM32L4A6ZGTX_FLASH.ld" --specs=nosys.specs -Wl,-Map="hands_on_audio_acquisition.map" -Wl,--gc-sections -static --specs=nano.specs -mfpu=fpv4-sp-d16 -mfloat-abi=hard -mthumb -Wl,--start-group -lc -lm -Wl,--end-group
C:/ST/STM32CubeIDE_1.16.0/STM32CubeIDE/plugins/com.st.stm32cube.ide.mcu.externaltools.gnu-tools-for-stm32.12.3.rel1.win32_1.0.200.202406191623/tools/bin/../lib/gcc/arm-none-eabi/12.3.1/../../../../arm-none-eabi/bin/ld.exe: warning: hands_on_audio_acquisition.elf has a LOAD segment with RWX permissions
Finished building target: hands_on_audio_acquisition.elf
 
arm-none-eabi-size  hands_on_audio_acquisition.elf 
arm-none-eabi-objdump -h -S hands_on_audio_acquisition.elf  > "hands_on_audio_acquisition.list"
   text	   data	    bss	    dec	    hex	filename
  29036	    112	 122320	 151468	  24fac	hands_on_audio_acquisition.elf
Finished building: default.size.stdout
 
Finished building: hands_on_audio_acquisition.list
 
20:15:22 **** Incremental Build of configuration Debug for project hands_on_audio_acquisition ****
make -j16 all 
arm-none-eabi-gcc "../Core/Src/main.c" -mcpu=cortex-m4 -std=gnu11 -g3 -DDEBUG -DUSE_HAL_DRIVER -DSTM32L4A6xx -c -I../Core/Inc -I../Drivers/STM32L4xx_HAL_Driver/Inc -I../Drivers/STM32L4xx_HAL_Driver/Inc/Legacy -I../Drivers/CMSIS/Device/ST/STM32L4xx/Include -I../Drivers/CMSIS/Include -O0 -ffunction-sections -fdata-sections -Wall -fstack-usage -fcyclomatic-complexity -MMD -MP -MF"Core/Src/main.d" -MT"Core/Src/main.o" --specs=nano.specs -mfpu=fpv4-sp-d16 -mfloat-abi=hard -mthumb -o "Core/Src/main.o"
../Core/Src/main.c: In function 'HAL_ADC_ConvHalfCpltCallback':
../Core/Src/main.c:73:40: warning: passing argument 1 of 'get_signal_power' discards 'volatile' qualifier from pointer target type [-Wdiscarded-qualifiers]
   73 |         signalPower = get_signal_power(ADCData1, ADC_BUF_SIZE);
      |                                        ^~~~~~~~
../Core/Src/main.c:67:37: note: expected 'uint16_t *' {aka 'short unsigned int *'} but argument is of type 'volatile uint16_t *' {aka 'volatile short unsigned int *'}
   67 | uint32_t get_signal_power(uint16_t *buffer, size_t len);
      |                           ~~~~~~~~~~^~~~~~
../Core/Src/main.c:79:30: warning: passing argument 1 of 'print_buffer' discards 'volatile' qualifier from pointer target type [-Wdiscarded-qualifiers]
   79 |                 print_buffer(ADCData2);
      |                              ^~~~~~~~
../Core/Src/main.c:66:29: note: expected 'uint16_t *' {aka 'short unsigned int *'} but argument is of type 'volatile uint16_t *' {aka 'volatile short unsigned int *'}
   66 | void print_buffer(uint16_t *buffer);
      |                   ~~~~~~~~~~^~~~~~
../Core/Src/main.c:80:30: warning: passing argument 1 of 'print_buffer' discards 'volatile' qualifier from pointer target type [-Wdiscarded-qualifiers]
   80 |                 print_buffer(ADCData1);
      |                              ^~~~~~~~
../Core/Src/main.c:66:29: note: expected 'uint16_t *' {aka 'short unsigned int *'} but argument is of type 'volatile uint16_t *' {aka 'volatile short unsigned int *'}
   66 | void print_buffer(uint16_t *buffer);
      |                   ~~~~~~~~~~^~~~~~
../Core/Src/main.c: In function 'HAL_ADC_ConvCpltCallback':
../Core/Src/main.c:88:40: warning: passing argument 1 of 'get_signal_power' discards 'volatile' qualifier from pointer target type [-Wdiscarded-qualifiers]
   88 |         signalPower = get_signal_power(ADCData2, ADC_BUF_SIZE);
      |                                        ^~~~~~~~
../Core/Src/main.c:67:37: note: expected 'uint16_t *' {aka 'short unsigned int *'} but argument is of type 'volatile uint16_t *' {aka 'volatile short unsigned int *'}
   67 | uint32_t get_signal_power(uint16_t *buffer, size_t len);
      |                           ~~~~~~~~~~^~~~~~
../Core/Src/main.c:94:30: warning: passing argument 1 of 'print_buffer' discards 'volatile' qualifier from pointer target type [-Wdiscarded-qualifiers]
   94 |                 print_buffer(ADCData1);
      |                              ^~~~~~~~
../Core/Src/main.c:66:29: note: expected 'uint16_t *' {aka 'short unsigned int *'} but argument is of type 'volatile uint16_t *' {aka 'volatile short unsigned int *'}
   66 | void print_buffer(uint16_t *buffer);
      |                   ~~~~~~~~~~^~~~~~
../Core/Src/main.c:95:30: warning: passing argument 1 of 'print_buffer' discards 'volatile' qualifier from pointer target type [-Wdiscarded-qualifiers]
   95 |                 print_buffer(ADCData2);
      |                              ^~~~~~~~
../Core/Src/main.c:66:29: note: expected 'uint16_t *' {aka 'short unsigned int *'} but argument is of type 'volatile uint16_t *' {aka 'volatile short unsigned int *'}
   66 | void print_buffer(uint16_t *buffer);
      |                   ~~~~~~~~~~^~~~~~
../Core/Src/main.c: In function 'HAL_GPIO_EXTI_Callback':
../Core/Src/main.c:107:43: warning: passing argument 2 of 'HAL_ADC_Start_DMA' from incompatible pointer type [-Wincompatible-pointer-types]
  107 |                 HAL_ADC_Start_DMA(&hadc1, ADCData1, ADC_BUF_SIZE*2);
      |                                           ^~~~~~~~
      |                                           |
      |                                           volatile uint16_t * {aka volatile short unsigned int *}
In file included from ../Core/Inc/stm32l4xx_hal_conf.h:278,
                 from ../Drivers/STM32L4xx_HAL_Driver/Inc/stm32l4xx_hal.h:29,
                 from ../Core/Inc/main.h:31,
                 from ../Core/Src/main.c:21:
../Drivers/STM32L4xx_HAL_Driver/Inc/stm32l4xx_hal_adc.h:1945:78: note: expected 'uint32_t *' {aka 'long unsigned int *'} but argument is of type 'volatile uint16_t *' {aka 'volatile short unsigned int *'}
 1945 | HAL_StatusTypeDef       HAL_ADC_Start_DMA(ADC_HandleTypeDef *hadc, uint32_t *pData, uint32_t Length);
      |                                                                    ~~~~~~~~~~^~~~~
arm-none-eabi-gcc -o "hands_on_audio_acquisition.elf" @"objects.list"   -mcpu=cortex-m4 -T"C:\Users\Carabouille\Documents\LELEC210X\mcu\hands_on_audio_acquisition\STM32L4A6ZGTX_FLASH.ld" --specs=nosys.specs -Wl,-Map="hands_on_audio_acquisition.map" -Wl,--gc-sections -static --specs=nano.specs -mfpu=fpv4-sp-d16 -mfloat-abi=hard -mthumb -Wl,--start-group -lc -lm -Wl,--end-group
C:/ST/STM32CubeIDE_1.16.0/STM32CubeIDE/plugins/com.st.stm32cube.ide.mcu.externaltools.gnu-tools-for-stm32.12.3.rel1.win32_1.0.200.202406191623/tools/bin/../lib/gcc/arm-none-eabi/12.3.1/../../../../arm-none-eabi/bin/ld.exe: warning: hands_on_audio_acquisition.elf has a LOAD segment with RWX permissions
Finished building target: hands_on_audio_acquisition.elf
 
arm-none-eabi-size  hands_on_audio_acquisition.elf 
arm-none-eabi-objdump -h -S hands_on_audio_acquisition.elf  > "hands_on_audio_acquisition.list"
   text	   data	    bss	    dec	    hex	filename
  29164	    112	 122320	 151596	  2502c	hands_on_audio_acquisition.elf
Finished building: default.size.stdout
 
Finished building: hands_on_audio_acquisition.list
 
20:16:37 **** Incremental Build of configuration Debug for project hands_on_audio_acquisition ****
make -j16 all 
arm-none-eabi-gcc "../Core/Src/main.c" -mcpu=cortex-m4 -std=gnu11 -g3 -DDEBUG -DUSE_HAL_DRIVER -DSTM32L4A6xx -c -I../Core/Inc -I../Drivers/STM32L4xx_HAL_Driver/Inc -I../Drivers/STM32L4xx_HAL_Driver/Inc/Legacy -I../Drivers/CMSIS/Device/ST/STM32L4xx/Include -I../Drivers/CMSIS/Include -O0 -ffunction-sections -fdata-sections -Wall -fstack-usage -fcyclomatic-complexity -MMD -MP -MF"Core/Src/main.d" -MT"Core/Src/main.o" --specs=nano.specs -mfpu=fpv4-sp-d16 -mfloat-abi=hard -mthumb -o "Core/Src/main.o"
../Core/Src/main.c: In function 'HAL_ADC_ConvHalfCpltCallback':
../Core/Src/main.c:73:40: warning: passing argument 1 of 'get_signal_power' discards 'volatile' qualifier from pointer target type [-Wdiscarded-qualifiers]
   73 |         signalPower = get_signal_power(ADCData1, ADC_BUF_SIZE);
      |                                        ^~~~~~~~
../Core/Src/main.c:67:37: note: expected 'uint16_t *' {aka 'short unsigned int *'} but argument is of type 'volatile uint16_t *' {aka 'volatile short unsigned int *'}
   67 | uint32_t get_signal_power(uint16_t *buffer, size_t len);
      |                           ~~~~~~~~~~^~~~~~
../Core/Src/main.c:78:30: warning: passing argument 1 of 'print_buffer' discards 'volatile' qualifier from pointer target type [-Wdiscarded-qualifiers]
   78 |                 print_buffer(ADCData2);
      |                              ^~~~~~~~
../Core/Src/main.c:66:29: note: expected 'uint16_t *' {aka 'short unsigned int *'} but argument is of type 'volatile uint16_t *' {aka 'volatile short unsigned int *'}
   66 | void print_buffer(uint16_t *buffer);
      |                   ~~~~~~~~~~^~~~~~
../Core/Src/main.c:79:30: warning: passing argument 1 of 'print_buffer' discards 'volatile' qualifier from pointer target type [-Wdiscarded-qualifiers]
   79 |                 print_buffer(ADCData1);
      |                              ^~~~~~~~
../Core/Src/main.c:66:29: note: expected 'uint16_t *' {aka 'short unsigned int *'} but argument is of type 'volatile uint16_t *' {aka 'volatile short unsigned int *'}
   66 | void print_buffer(uint16_t *buffer);
      |                   ~~~~~~~~~~^~~~~~
../Core/Src/main.c: In function 'HAL_ADC_ConvCpltCallback':
../Core/Src/main.c:87:40: warning: passing argument 1 of 'get_signal_power' discards 'volatile' qualifier from pointer target type [-Wdiscarded-qualifiers]
   87 |         signalPower = get_signal_power(ADCData2, ADC_BUF_SIZE);
      |                                        ^~~~~~~~
../Core/Src/main.c:67:37: note: expected 'uint16_t *' {aka 'short unsigned int *'} but argument is of type 'volatile uint16_t *' {aka 'volatile short unsigned int *'}
   67 | uint32_t get_signal_power(uint16_t *buffer, size_t len);
      |                           ~~~~~~~~~~^~~~~~
../Core/Src/main.c:92:30: warning: passing argument 1 of 'print_buffer' discards 'volatile' qualifier from pointer target type [-Wdiscarded-qualifiers]
   92 |                 print_buffer(ADCData1);
      |                              ^~~~~~~~
../Core/Src/main.c:66:29: note: expected 'uint16_t *' {aka 'short unsigned int *'} but argument is of type 'volatile uint16_t *' {aka 'volatile short unsigned int *'}
   66 | void print_buffer(uint16_t *buffer);
      |                   ~~~~~~~~~~^~~~~~
../Core/Src/main.c:93:30: warning: passing argument 1 of 'print_buffer' discards 'volatile' qualifier from pointer target type [-Wdiscarded-qualifiers]
   93 |                 print_buffer(ADCData2);
      |                              ^~~~~~~~
../Core/Src/main.c:66:29: note: expected 'uint16_t *' {aka 'short unsigned int *'} but argument is of type 'volatile uint16_t *' {aka 'volatile short unsigned int *'}
   66 | void print_buffer(uint16_t *buffer);
      |                   ~~~~~~~~~~^~~~~~
../Core/Src/main.c: In function 'HAL_GPIO_EXTI_Callback':
../Core/Src/main.c:105:43: warning: passing argument 2 of 'HAL_ADC_Start_DMA' from incompatible pointer type [-Wincompatible-pointer-types]
  105 |                 HAL_ADC_Start_DMA(&hadc1, ADCData1, ADC_BUF_SIZE*2);
      |                                           ^~~~~~~~
      |                                           |
      |                                           volatile uint16_t * {aka volatile short unsigned int *}
In file included from ../Core/Inc/stm32l4xx_hal_conf.h:278,
                 from ../Drivers/STM32L4xx_HAL_Driver/Inc/stm32l4xx_hal.h:29,
                 from ../Core/Inc/main.h:31,
                 from ../Core/Src/main.c:21:
../Drivers/STM32L4xx_HAL_Driver/Inc/stm32l4xx_hal_adc.h:1945:78: note: expected 'uint32_t *' {aka 'long unsigned int *'} but argument is of type 'volatile uint16_t *' {aka 'volatile short unsigned int *'}
 1945 | HAL_StatusTypeDef       HAL_ADC_Start_DMA(ADC_HandleTypeDef *hadc, uint32_t *pData, uint32_t Length);
      |                                                                    ~~~~~~~~~~^~~~~
arm-none-eabi-gcc -o "hands_on_audio_acquisition.elf" @"objects.list"   -mcpu=cortex-m4 -T"C:\Users\Carabouille\Documents\LELEC210X\mcu\hands_on_audio_acquisition\STM32L4A6ZGTX_FLASH.ld" --specs=nosys.specs -Wl,-Map="hands_on_audio_acquisition.map" -Wl,--gc-sections -static --specs=nano.specs -mfpu=fpv4-sp-d16 -mfloat-abi=hard -mthumb -Wl,--start-group -lc -lm -Wl,--end-group
C:/ST/STM32CubeIDE_1.16.0/STM32CubeIDE/plugins/com.st.stm32cube.ide.mcu.externaltools.gnu-tools-for-stm32.12.3.rel1.win32_1.0.200.202406191623/tools/bin/../lib/gcc/arm-none-eabi/12.3.1/../../../../arm-none-eabi/bin/ld.exe: warning: hands_on_audio_acquisition.elf has a LOAD segment with RWX permissions
Finished building target: hands_on_audio_acquisition.elf
 
arm-none-eabi-size  hands_on_audio_acquisition.elf 
arm-none-eabi-objdump -h -S hands_on_audio_acquisition.elf  > "hands_on_audio_acquisition.list"
   text	   data	    bss	    dec	    hex	filename
  29036	    112	 122320	 151468	  24fac	hands_on_audio_acquisition.elf
Finished building: default.size.stdout
 
Finished building: hands_on_audio_acquisition.list
 
20:17:36 **** Incremental Build of configuration Debug for project hands_on_audio_acquisition ****
make -j16 all 
arm-none-eabi-gcc "../Core/Src/main.c" -mcpu=cortex-m4 -std=gnu11 -g3 -DDEBUG -DUSE_HAL_DRIVER -DSTM32L4A6xx -c -I../Core/Inc -I../Drivers/STM32L4xx_HAL_Driver/Inc -I../Drivers/STM32L4xx_HAL_Driver/Inc/Legacy -I../Drivers/CMSIS/Device/ST/STM32L4xx/Include -I../Drivers/CMSIS/Include -O0 -ffunction-sections -fdata-sections -Wall -fstack-usage -fcyclomatic-complexity -MMD -MP -MF"Core/Src/main.d" -MT"Core/Src/main.o" --specs=nano.specs -mfpu=fpv4-sp-d16 -mfloat-abi=hard -mthumb -o "Core/Src/main.o"
../Core/Src/main.c: In function 'HAL_ADC_ConvHalfCpltCallback':
../Core/Src/main.c:73:40: warning: passing argument 1 of 'get_signal_power' discards 'volatile' qualifier from pointer target type [-Wdiscarded-qualifiers]
   73 |         signalPower = get_signal_power(ADCData1, ADC_BUF_SIZE);
      |                                        ^~~~~~~~
../Core/Src/main.c:67:37: note: expected 'uint16_t *' {aka 'short unsigned int *'} but argument is of type 'volatile uint16_t *' {aka 'volatile short unsigned int *'}
   67 | uint32_t get_signal_power(uint16_t *buffer, size_t len);
      |                           ~~~~~~~~~~^~~~~~
../Core/Src/main.c:79:30: warning: passing argument 1 of 'print_buffer' discards 'volatile' qualifier from pointer target type [-Wdiscarded-qualifiers]
   79 |                 print_buffer(ADCData2);
      |                              ^~~~~~~~
../Core/Src/main.c:66:29: note: expected 'uint16_t *' {aka 'short unsigned int *'} but argument is of type 'volatile uint16_t *' {aka 'volatile short unsigned int *'}
   66 | void print_buffer(uint16_t *buffer);
      |                   ~~~~~~~~~~^~~~~~
../Core/Src/main.c:80:30: warning: passing argument 1 of 'print_buffer' discards 'volatile' qualifier from pointer target type [-Wdiscarded-qualifiers]
   80 |                 print_buffer(ADCData1);
      |                              ^~~~~~~~
../Core/Src/main.c:66:29: note: expected 'uint16_t *' {aka 'short unsigned int *'} but argument is of type 'volatile uint16_t *' {aka 'volatile short unsigned int *'}
   66 | void print_buffer(uint16_t *buffer);
      |                   ~~~~~~~~~~^~~~~~
../Core/Src/main.c: In function 'HAL_ADC_ConvCpltCallback':
../Core/Src/main.c:88:40: warning: passing argument 1 of 'get_signal_power' discards 'volatile' qualifier from pointer target type [-Wdiscarded-qualifiers]
   88 |         signalPower = get_signal_power(ADCData2, ADC_BUF_SIZE);
      |                                        ^~~~~~~~
../Core/Src/main.c:67:37: note: expected 'uint16_t *' {aka 'short unsigned int *'} but argument is of type 'volatile uint16_t *' {aka 'volatile short unsigned int *'}
   67 | uint32_t get_signal_power(uint16_t *buffer, size_t len);
      |                           ~~~~~~~~~~^~~~~~
../Core/Src/main.c:94:30: warning: passing argument 1 of 'print_buffer' discards 'volatile' qualifier from pointer target type [-Wdiscarded-qualifiers]
   94 |                 print_buffer(ADCData1);
      |                              ^~~~~~~~
../Core/Src/main.c:66:29: note: expected 'uint16_t *' {aka 'short unsigned int *'} but argument is of type 'volatile uint16_t *' {aka 'volatile short unsigned int *'}
   66 | void print_buffer(uint16_t *buffer);
      |                   ~~~~~~~~~~^~~~~~
../Core/Src/main.c:95:30: warning: passing argument 1 of 'print_buffer' discards 'volatile' qualifier from pointer target type [-Wdiscarded-qualifiers]
   95 |                 print_buffer(ADCData2);
      |                              ^~~~~~~~
../Core/Src/main.c:66:29: note: expected 'uint16_t *' {aka 'short unsigned int *'} but argument is of type 'volatile uint16_t *' {aka 'volatile short unsigned int *'}
   66 | void print_buffer(uint16_t *buffer);
      |                   ~~~~~~~~~~^~~~~~
../Core/Src/main.c: In function 'HAL_GPIO_EXTI_Callback':
../Core/Src/main.c:107:43: warning: passing argument 2 of 'HAL_ADC_Start_DMA' from incompatible pointer type [-Wincompatible-pointer-types]
  107 |                 HAL_ADC_Start_DMA(&hadc1, ADCData1, ADC_BUF_SIZE*2);
      |                                           ^~~~~~~~
      |                                           |
      |                                           volatile uint16_t * {aka volatile short unsigned int *}
In file included from ../Core/Inc/stm32l4xx_hal_conf.h:278,
                 from ../Drivers/STM32L4xx_HAL_Driver/Inc/stm32l4xx_hal.h:29,
                 from ../Core/Inc/main.h:31,
                 from ../Core/Src/main.c:21:
../Drivers/STM32L4xx_HAL_Driver/Inc/stm32l4xx_hal_adc.h:1945:78: note: expected 'uint32_t *' {aka 'long unsigned int *'} but argument is of type 'volatile uint16_t *' {aka 'volatile short unsigned int *'}
 1945 | HAL_StatusTypeDef       HAL_ADC_Start_DMA(ADC_HandleTypeDef *hadc, uint32_t *pData, uint32_t Length);
      |                                                                    ~~~~~~~~~~^~~~~
arm-none-eabi-gcc -o "hands_on_audio_acquisition.elf" @"objects.list"   -mcpu=cortex-m4 -T"C:\Users\Carabouille\Documents\LELEC210X\mcu\hands_on_audio_acquisition\STM32L4A6ZGTX_FLASH.ld" --specs=nosys.specs -Wl,-Map="hands_on_audio_acquisition.map" -Wl,--gc-sections -static --specs=nano.specs -mfpu=fpv4-sp-d16 -mfloat-abi=hard -mthumb -Wl,--start-group -lc -lm -Wl,--end-group
C:/ST/STM32CubeIDE_1.16.0/STM32CubeIDE/plugins/com.st.stm32cube.ide.mcu.externaltools.gnu-tools-for-stm32.12.3.rel1.win32_1.0.200.202406191623/tools/bin/../lib/gcc/arm-none-eabi/12.3.1/../../../../arm-none-eabi/bin/ld.exe: warning: hands_on_audio_acquisition.elf has a LOAD segment with RWX permissions
Finished building target: hands_on_audio_acquisition.elf
 
arm-none-eabi-size  hands_on_audio_acquisition.elf 
arm-none-eabi-objdump -h -S hands_on_audio_acquisition.elf  > "hands_on_audio_acquisition.list"
   text	   data	    bss	    dec	    hex	filename
  29164	    112	 122320	 151596	  2502c	hands_on_audio_acquisition.elf
Finished building: default.size.stdout
 
Finished building: hands_on_audio_acquisition.list
 
